Archive member included to satisfy reference by file (symbol)

d:/stm32cubeide_1.5.0/stm32cubeide/plugins/com.st.stm32cube.ide.mcu.externaltools.gnu-tools-for-stm32.7-2018-q2-update.win32_1.5.0.202011040924/tools/bin/../lib/gcc/arm-none-eabi/7.3.1/../../../../arm-none-eabi/lib/thumb/v7e-m/fpv5/hard\libc_nano.a(lib_a-errno.o)
                              Core/Src/syscalls.o (__errno)
d:/stm32cubeide_1.5.0/stm32cubeide/plugins/com.st.stm32cube.ide.mcu.externaltools.gnu-tools-for-stm32.7-2018-q2-update.win32_1.5.0.202011040924/tools/bin/../lib/gcc/arm-none-eabi/7.3.1/../../../../arm-none-eabi/lib/thumb/v7e-m/fpv5/hard\libc_nano.a(lib_a-exit.o)
                              d:/stm32cubeide_1.5.0/stm32cubeide/plugins/com.st.stm32cube.ide.mcu.externaltools.gnu-tools-for-stm32.7-2018-q2-update.win32_1.5.0.202011040924/tools/bin/../lib/gcc/arm-none-eabi/7.3.1/../../../../arm-none-eabi/lib/thumb/v7e-m/fpv5/hard/crt0.o (exit)
d:/stm32cubeide_1.5.0/stm32cubeide/plugins/com.st.stm32cube.ide.mcu.externaltools.gnu-tools-for-stm32.7-2018-q2-update.win32_1.5.0.202011040924/tools/bin/../lib/gcc/arm-none-eabi/7.3.1/../../../../arm-none-eabi/lib/thumb/v7e-m/fpv5/hard\libc_nano.a(lib_a-impure.o)
                              d:/stm32cubeide_1.5.0/stm32cubeide/plugins/com.st.stm32cube.ide.mcu.externaltools.gnu-tools-for-stm32.7-2018-q2-update.win32_1.5.0.202011040924/tools/bin/../lib/gcc/arm-none-eabi/7.3.1/../../../../arm-none-eabi/lib/thumb/v7e-m/fpv5/hard\libc_nano.a(lib_a-exit.o) (_global_impure_ptr)
d:/stm32cubeide_1.5.0/stm32cubeide/plugins/com.st.stm32cube.ide.mcu.externaltools.gnu-tools-for-stm32.7-2018-q2-update.win32_1.5.0.202011040924/tools/bin/../lib/gcc/arm-none-eabi/7.3.1/../../../../arm-none-eabi/lib/thumb/v7e-m/fpv5/hard\libc_nano.a(lib_a-init.o)
                              d:/stm32cubeide_1.5.0/stm32cubeide/plugins/com.st.stm32cube.ide.mcu.externaltools.gnu-tools-for-stm32.7-2018-q2-update.win32_1.5.0.202011040924/tools/bin/../lib/gcc/arm-none-eabi/7.3.1/../../../../arm-none-eabi/lib/thumb/v7e-m/fpv5/hard/crt0.o (__libc_init_array)
d:/stm32cubeide_1.5.0/stm32cubeide/plugins/com.st.stm32cube.ide.mcu.externaltools.gnu-tools-for-stm32.7-2018-q2-update.win32_1.5.0.202011040924/tools/bin/../lib/gcc/arm-none-eabi/7.3.1/../../../../arm-none-eabi/lib/thumb/v7e-m/fpv5/hard\libc_nano.a(lib_a-memset.o)
                              d:/stm32cubeide_1.5.0/stm32cubeide/plugins/com.st.stm32cube.ide.mcu.externaltools.gnu-tools-for-stm32.7-2018-q2-update.win32_1.5.0.202011040924/tools/bin/../lib/gcc/arm-none-eabi/7.3.1/../../../../arm-none-eabi/lib/thumb/v7e-m/fpv5/hard/crt0.o (memset)
d:/stm32cubeide_1.5.0/stm32cubeide/plugins/com.st.stm32cube.ide.mcu.externaltools.gnu-tools-for-stm32.7-2018-q2-update.win32_1.5.0.202011040924/tools/bin/../lib/gcc/arm-none-eabi/7.3.1/thumb/v7e-m/fpv5/hard\libgcc.a(_aeabi_uldivmod.o)
                              Drivers/STM32H7xx_HAL_Driver/Src/stm32h7xx_hal_uart.o (__aeabi_uldivmod)
d:/stm32cubeide_1.5.0/stm32cubeide/plugins/com.st.stm32cube.ide.mcu.externaltools.gnu-tools-for-stm32.7-2018-q2-update.win32_1.5.0.202011040924/tools/bin/../lib/gcc/arm-none-eabi/7.3.1/thumb/v7e-m/fpv5/hard\libgcc.a(_udivmoddi4.o)
                              d:/stm32cubeide_1.5.0/stm32cubeide/plugins/com.st.stm32cube.ide.mcu.externaltools.gnu-tools-for-stm32.7-2018-q2-update.win32_1.5.0.202011040924/tools/bin/../lib/gcc/arm-none-eabi/7.3.1/thumb/v7e-m/fpv5/hard\libgcc.a(_aeabi_uldivmod.o) (__udivmoddi4)
d:/stm32cubeide_1.5.0/stm32cubeide/plugins/com.st.stm32cube.ide.mcu.externaltools.gnu-tools-for-stm32.7-2018-q2-update.win32_1.5.0.202011040924/tools/bin/../lib/gcc/arm-none-eabi/7.3.1/thumb/v7e-m/fpv5/hard\libgcc.a(_dvmd_tls.o)
                              d:/stm32cubeide_1.5.0/stm32cubeide/plugins/com.st.stm32cube.ide.mcu.externaltools.gnu-tools-for-stm32.7-2018-q2-update.win32_1.5.0.202011040924/tools/bin/../lib/gcc/arm-none-eabi/7.3.1/thumb/v7e-m/fpv5/hard\libgcc.a(_aeabi_uldivmod.o) (__aeabi_ldiv0)

Allocating common symbols
Common symbol       size              file

htim8               0x4c              Core/Src/main.o
huart3              0x8c              Core/Src/main.o
YY                  0xa               Core/Src/main.o
uwTick              0x4               Drivers/STM32H7xx_HAL_Driver/Src/stm32h7xx_hal.o
pFlash              0x1c              Drivers/STM32H7xx_HAL_Driver/Src/stm32h7xx_hal_flash.o
huart1              0x8c              Core/Src/main.o
htim1               0x4c              Core/Src/main.o
huart2              0x8c              Core/Src/main.o

Discarded input sections

 .text          0x0000000000000000        0x0 d:/stm32cubeide_1.5.0/stm32cubeide/plugins/com.st.stm32cube.ide.mcu.externaltools.gnu-tools-for-stm32.7-2018-q2-update.win32_1.5.0.202011040924/tools/bin/../lib/gcc/arm-none-eabi/7.3.1/thumb/v7e-m/fpv5/hard/crti.o
[...]
Memory Configuration

Name             Origin             Length             Attributes
DTCMRAM          0x0000000020000000 0x0000000000020000 xrw
ITCMRAM          0x0000000000000000 0x0000000000010000 xrw
RAM_D1           0x0000000024000000 0x0000000000080000 xrw
RAM_D2           0x0000000030000000 0x0000000000048000 xrw
RAM_D3           0x0000000038000000 0x0000000000010000 xrw
FLASH            0x0000000008000000 0x0000000000200000 xr
*default*        0x0000000000000000 0xffffffffffffffff

Linker script and memory map

LOAD d:/stm32cubeide_1.5.0/stm32cubeide/plugins/com.st.stm32cube.ide.mcu.externaltools.gnu-tools-for-stm32.7-2018-q2-update.win32_1.5.0.202011040924/tools/bin/../lib/gcc/arm-none-eabi/7.3.1/thumb/v7e-m/fpv5/hard/crti.o
LOAD d:/stm32cubeide_1.5.0/stm32cubeide/plugins/com.st.stm32cube.ide.mcu.externaltools.gnu-tools-for-stm32.7-2018-q2-update.win32_1.5.0.202011040924/tools/bin/../lib/gcc/arm-none-eabi/7.3.1/thumb/v7e-m/fpv5/hard/crtbegin.o
LOAD d:/stm32cubeide_1.5.0/stm32cubeide/plugins/com.st.stm32cube.ide.mcu.externaltools.gnu-tools-for-stm32.7-2018-q2-update.win32_1.5.0.202011040924/tools/bin/../lib/gcc/arm-none-eabi/7.3.1/../../../../arm-none-eabi/lib/thumb/v7e-m/fpv5/hard/crt0.o
LOAD Core/Src/main.o
LOAD Core/Src/stm32h7xx_hal_msp.o
LOAD Core/Src/stm32h7xx_it.o
LOAD Core/Src/syscalls.o
LOAD Core/Src/sysmem.o
LOAD Core/Src/system_stm32h7xx.o
LOAD Core/Startup/startup_stm32h743vitx.o
LOAD Drivers/STM32H7xx_HAL_Driver/Src/stm32h7xx_hal.o
LOAD Drivers/STM32H7xx_HAL_Driver/Src/stm32h7xx_hal_cortex.o
LOAD Drivers/STM32H7xx_HAL_Driver/Src/stm32h7xx_hal_dma.o
LOAD Drivers/STM32H7xx_HAL_Driver/Src/stm32h7xx_hal_dma_ex.o
LOAD Drivers/STM32H7xx_HAL_Driver/Src/stm32h7xx_hal_exti.o
LOAD Drivers/STM32H7xx_HAL_Driver/Src/stm32h7xx_hal_flash.o
LOAD Drivers/STM32H7xx_HAL_Driver/Src/stm32h7xx_hal_flash_ex.o
LOAD Drivers/STM32H7xx_HAL_Driver/Src/stm32h7xx_hal_gpio.o
LOAD Drivers/STM32H7xx_HAL_Driver/Src/stm32h7xx_hal_hsem.o
LOAD Drivers/STM32H7xx_HAL_Driver/Src/stm32h7xx_hal_i2c.o
LOAD Drivers/STM32H7xx_HAL_Driver/Src/stm32h7xx_hal_i2c_ex.o
LOAD Drivers/STM32H7xx_HAL_Driver/Src/stm32h7xx_hal_mdma.o
LOAD Drivers/STM32H7xx_HAL_Driver/Src/stm32h7xx_hal_pwr.o
LOAD Drivers/STM32H7xx_HAL_Driver/Src/stm32h7xx_hal_pwr_ex.o
LOAD Drivers/STM32H7xx_HAL_Driver/Src/stm32h7xx_hal_rcc.o
LOAD Drivers/STM32H7xx_HAL_Driver/Src/stm32h7xx_hal_rcc_ex.o
LOAD Drivers/STM32H7xx_HAL_Driver/Src/stm32h7xx_hal_tim.o
LOAD Drivers/STM32H7xx_HAL_Driver/Src/stm32h7xx_hal_tim_ex.o
LOAD Drivers/STM32H7xx_HAL_Driver/Src/stm32h7xx_hal_uart.o
LOAD Drivers/STM32H7xx_HAL_Driver/Src/stm32h7xx_hal_uart_ex.o
START GROUP
LOAD d:/stm32cubeide_1.5.0/stm32cubeide/plugins/com.st.stm32cube.ide.mcu.externaltools.gnu-tools-for-stm32.7-2018-q2-update.win32_1.5.0.202011040924/tools/bin/../lib/gcc/arm-none-eabi/7.3.1/../../../../arm-none-eabi/lib/thumb/v7e-m/fpv5/hard\libc_nano.a
LOAD d:/stm32cubeide_1.5.0/stm32cubeide/plugins/com.st.stm32cube.ide.mcu.externaltools.gnu-tools-for-stm32.7-2018-q2-update.win32_1.5.0.202011040924/tools/bin/../lib/gcc/arm-none-eabi/7.3.1/../../../../arm-none-eabi/lib/thumb/v7e-m/fpv5/hard\libm.a
END GROUP
START GROUP
LOAD d:/stm32cubeide_1.5.0/stm32cubeide/plugins/com.st.stm32cube.ide.mcu.externaltools.gnu-tools-for-stm32.7-2018-q2-update.win32_1.5.0.202011040924/tools/bin/../lib/gcc/arm-none-eabi/7.3.1/thumb/v7e-m/fpv5/hard\libgcc.a
LOAD d:/stm32cubeide_1.5.0/stm32cubeide/plugins/com.st.stm32cube.ide.mcu.externaltools.gnu-tools-for-stm32.7-2018-q2-update.win32_1.5.0.202011040924/tools/bin/../lib/gcc/arm-none-eabi/7.3.1/../../../../arm-none-eabi/lib/thumb/v7e-m/fpv5/hard\libc_nano.a
END GROUP
START GROUP
LOAD d:/stm32cubeide_1.5.0/stm32cubeide/plugins/com.st.stm32cube.ide.mcu.externaltools.gnu-tools-for-stm32.7-2018-q2-update.win32_1.5.0.202011040924/tools/bin/../lib/gcc/arm-none-eabi/7.3.1/thumb/v7e-m/fpv5/hard\libgcc.a
LOAD d:/stm32cubeide_1.5.0/stm32cubeide/plugins/com.st.stm32cube.ide.mcu.externaltools.gnu-tools-for-stm32.7-2018-q2-update.win32_1.5.0.202011040924/tools/bin/../lib/gcc/arm-none-eabi/7.3.1/../../../../arm-none-eabi/lib/thumb/v7e-m/fpv5/hard\libc_nano.a
LOAD d:/stm32cubeide_1.5.0/stm32cubeide/plugins/com.st.stm32cube.ide.mcu.externaltools.gnu-tools-for-stm32.7-2018-q2-update.win32_1.5.0.202011040924/tools/bin/../lib/gcc/arm-none-eabi/7.3.1/../../../../arm-none-eabi/lib/thumb/v7e-m/fpv5/hard\libnosys.a
END GROUP
START GROUP
LOAD d:/stm32cubeide_1.5.0/stm32cubeide/plugins/com.st.stm32cube.ide.mcu.externaltools.gnu-tools-for-stm32.7-2018-q2-update.win32_1.5.0.202011040924/tools/bin/../lib/gcc/arm-none-eabi/7.3.1/thumb/v7e-m/fpv5/hard\libgcc.a
LOAD d:/stm32cubeide_1.5.0/stm32cubeide/plugins/com.st.stm32cube.ide.mcu.externaltools.gnu-tools-for-stm32.7-2018-q2-update.win32_1.5.0.202011040924/tools/bin/../lib/gcc/arm-none-eabi/7.3.1/../../../../arm-none-eabi/lib/thumb/v7e-m/fpv5/hard\libc_nano.a
LOAD d:/stm32cubeide_1.5.0/stm32cubeide/plugins/com.st.stm32cube.ide.mcu.externaltools.gnu-tools-for-stm32.7-2018-q2-update.win32_1.5.0.202011040924/tools/bin/../lib/gcc/arm-none-eabi/7.3.1/../../../../arm-none-eabi/lib/thumb/v7e-m/fpv5/hard\libnosys.a
END GROUP
LOAD d:/stm32cubeide_1.5.0/stm32cubeide/plugins/com.st.stm32cube.ide.mcu.externaltools.gnu-tools-for-stm32.7-2018-q2-update.win32_1.5.0.202011040924/tools/bin/../lib/gcc/arm-none-eabi/7.3.1/thumb/v7e-m/fpv5/hard/crtend.o
LOAD d:/stm32cubeide_1.5.0/stm32cubeide/plugins/com.st.stm32cube.ide.mcu.externaltools.gnu-tools-for-stm32.7-2018-q2-update.win32_1.5.0.202011040924/tools/bin/../lib/gcc/arm-none-eabi/7.3.1/thumb/v7e-m/fpv5/hard/crtn.o
                0x0000000024080000                _estack = (ORIGIN (RAM_D1) + LENGTH (RAM_D1))
                0x0000000000000200                _Min_Heap_Size = 0x200
                0x0000000000000400                _Min_Stack_Size = 0x400

.isr_vector     0x0000000008000000      0x298
                0x0000000008000000                . = ALIGN (0x4)
 *(.isr_vector)
 .isr_vector    0x0000000008000000      0x298 Core/Startup/startup_stm32h743vitx.o
                0x0000000008000000                g_pfnVectors
                0x0000000008000298                . = ALIGN (0x4)

.text           0x0000000008000298     0x647c
                0x0000000008000298                . = ALIGN (0x4)
 *(.text)
 .text          0x0000000008000298       0x40 d:/stm32cubeide_1.5.0/stm32cubeide/plugins/com.st.stm32cube.ide.mcu.externaltools.gnu-tools-for-stm32.7-2018-q2-update.win32_1.5.0.202011040924/tools/bin/../lib/gcc/arm-none-eabi/7.3.1/thumb/v7e-m/fpv5/hard/crtbegin.o
 .text          0x00000000080002d8       0x30 d:/stm32cubeide_1.5.0/stm32cubeide/plugins/com.st.stm32cube.ide.mcu.externaltools.gnu-tools-for-stm32.7-2018-q2-update.win32_1.5.0.202011040924/tools/bin/../lib/gcc/arm-none-eabi/7.3.1/thumb/v7e-m/fpv5/hard\libgcc.a(_aeabi_uldivmod.o)
                0x00000000080002d8                __aeabi_uldivmod
 .text          0x0000000008000308      0x2cc d:/stm32cubeide_1.5.0/stm32cubeide/plugins/com.st.stm32cube.ide.mcu.externaltools.gnu-tools-for-stm32.7-2018-q2-update.win32_1.5.0.202011040924/tools/bin/../lib/gcc/arm-none-eabi/7.3.1/thumb/v7e-m/fpv5/hard\libgcc.a(_udivmoddi4.o)
                0x0000000008000308                __udivmoddi4
 .text          0x00000000080005d4        0x4 d:/stm32cubeide_1.5.0/stm32cubeide/plugins/com.st.stm32cube.ide.mcu.externaltools.gnu-tools-for-stm32.7-2018-q2-update.win32_1.5.0.202011040924/tools/bin/../lib/gcc/arm-none-eabi/7.3.1/thumb/v7e-m/fpv5/hard\libgcc.a(_dvmd_tls.o)
                0x00000000080005d4                __aeabi_idiv0
                0x00000000080005d4                __aeabi_ldiv0
 *(.text*)
 .text.main     0x00000000080005d8      0x114 Core/Src/main.o
                0x00000000080005d8                main
 .text.SystemClock_Config
                0x00000000080006ec      0x138 Core/Src/main.o
                0x00000000080006ec                SystemClock_Config
 .text.MX_TIM1_Init
                0x0000000008000824      0x1a0 Core/Src/main.o
 .text.MX_TIM8_Init
                0x00000000080009c4      0x1a0 Core/Src/main.o
 .text.MX_USART1_UART_Init
                0x0000000008000b64       0x98 Core/Src/main.o
 .text.MX_USART2_UART_Init
                0x0000000008000bfc       0x98 Core/Src/main.o
 .text.MX_USART3_UART_Init
                0x0000000008000c94       0x98 Core/Src/main.o
 .text.MX_GPIO_Init
                0x0000000008000d2c      0x110 Core/Src/main.o
 .text.Error_Handler
                0x0000000008000e3c        0x8 Core/Src/main.o
                0x0000000008000e3c                Error_Handler
 .text.HAL_MspInit
                0x0000000008000e44       0x34 Core/Src/stm32h7xx_hal_msp.o
                0x0000000008000e44                HAL_MspInit
 .text.HAL_TIM_Base_MspInit
                0x0000000008000e78       0x74 Core/Src/stm32h7xx_hal_msp.o
                0x0000000008000e78                HAL_TIM_Base_MspInit
 .text.HAL_TIM_MspPostInit
                0x0000000008000eec       0xcc Core/Src/stm32h7xx_hal_msp.o
                0x0000000008000eec                HAL_TIM_MspPostInit
 .text.HAL_UART_MspInit
                0x0000000008000fb8      0x178 Core/Src/stm32h7xx_hal_msp.o
                0x0000000008000fb8                HAL_UART_MspInit
 .text.NMI_Handler
                0x0000000008001130        0x6 Core/Src/stm32h7xx_it.o
                0x0000000008001130                NMI_Handler
 .text.HardFault_Handler
                0x0000000008001136        0x6 Core/Src/stm32h7xx_it.o
                0x0000000008001136                HardFault_Handler
 .text.MemManage_Handler
                0x000000000800113c        0x6 Core/Src/stm32h7xx_it.o
                0x000000000800113c                MemManage_Handler
 .text.BusFault_Handler
                0x0000000008001142        0x6 Core/Src/stm32h7xx_it.o
                0x0000000008001142                BusFault_Handler
 .text.UsageFault_Handler
                0x0000000008001148        0x6 Core/Src/stm32h7xx_it.o
                0x0000000008001148                UsageFault_Handler
 .text.SVC_Handler
                0x000000000800114e        0xe Core/Src/stm32h7xx_it.o
                0x000000000800114e                SVC_Handler
 .text.DebugMon_Handler
                0x000000000800115c        0xe Core/Src/stm32h7xx_it.o
                0x000000000800115c                DebugMon_Handler
 .text.PendSV_Handler
                0x000000000800116a        0xe Core/Src/stm32h7xx_it.o
                0x000000000800116a                PendSV_Handler
 .text.SysTick_Handler
                0x0000000008001178        0xc Core/Src/stm32h7xx_it.o
                0x0000000008001178                SysTick_Handler
 .text.SystemInit
                0x0000000008001184      0x118 Core/Src/system_stm32h7xx.o
                0x0000000008001184                SystemInit
 .text.Reset_Handler
                0x000000000800129c       0x50 Core/Startup/startup_stm32h743vitx.o
                0x000000000800129c                Reset_Handler
 .text.Default_Handler
                0x00000000080012ec        0x2 Core/Startup/startup_stm32h743vitx.o
                0x00000000080012ec                RTC_Alarm_IRQHandler
                0x00000000080012ec                EXTI2_IRQHandler
                0x00000000080012ec                TIM8_CC_IRQHandler
                0x00000000080012ec                HRTIM1_Master_IRQHandler
                0x00000000080012ec                UART8_IRQHandler
                0x00000000080012ec                SPI4_IRQHandler
                0x00000000080012ec                TIM1_CC_IRQHandler
                0x00000000080012ec                BDMA_Channel6_IRQHandler
                0x00000000080012ec                DMA2_Stream5_IRQHandler
                0x00000000080012ec                HRTIM1_FLT_IRQHandler
                0x00000000080012ec                JPEG_IRQHandler
                0x00000000080012ec                DMA1_Stream5_IRQHandler
                0x00000000080012ec                BDMA_Channel1_IRQHandler
                0x00000000080012ec                HRTIM1_TIMD_IRQHandler
                0x00000000080012ec                TAMP_STAMP_IRQHandler
                0x00000000080012ec                EXTI3_IRQHandler
                0x00000000080012ec                LPTIM4_IRQHandler
                0x00000000080012ec                TIM8_TRG_COM_TIM14_IRQHandler
                0x00000000080012ec                LPTIM2_IRQHandler
                0x00000000080012ec                DFSDM1_FLT1_IRQHandler
                0x00000000080012ec                DMAMUX2_OVR_IRQHandler
                0x00000000080012ec                TIM8_UP_TIM13_IRQHandler
                0x00000000080012ec                I2C3_ER_IRQHandler
                0x00000000080012ec                DFSDM1_FLT2_IRQHandler
                0x00000000080012ec                MDMA_IRQHandler
                0x00000000080012ec                LPTIM3_IRQHandler
                0x00000000080012ec                HSEM1_IRQHandler
                0x00000000080012ec                EXTI0_IRQHandler
                0x00000000080012ec                I2C2_EV_IRQHandler
                0x00000000080012ec                DMA1_Stream2_IRQHandler
                0x00000000080012ec                FPU_IRQHandler
                0x00000000080012ec                OTG_HS_WKUP_IRQHandler
                0x00000000080012ec                FDCAN1_IT1_IRQHandler
                0x00000000080012ec                LTDC_ER_IRQHandler
                0x00000000080012ec                DMA2_Stream2_IRQHandler
                0x00000000080012ec                HRTIM1_TIME_IRQHandler
                0x00000000080012ec                SPI1_IRQHandler
                0x00000000080012ec                TIM6_DAC_IRQHandler
                0x00000000080012ec                DCMI_IRQHandler
                0x00000000080012ec                HRTIM1_TIMC_IRQHandler
                0x00000000080012ec                DMA2_Stream3_IRQHandler
                0x00000000080012ec                SAI2_IRQHandler
                0x00000000080012ec                DFSDM1_FLT3_IRQHandler
                0x00000000080012ec                USART6_IRQHandler
                0x00000000080012ec                TIM17_IRQHandler
                0x00000000080012ec                USART3_IRQHandler
                0x00000000080012ec                BDMA_Channel7_IRQHandler
                0x00000000080012ec                LPTIM5_IRQHandler
                0x00000000080012ec                UART5_IRQHandler
                0x00000000080012ec                ADC3_IRQHandler
                0x00000000080012ec                DMA2_Stream0_IRQHandler
                0x00000000080012ec                TIM4_IRQHandler
                0x00000000080012ec                BDMA_Channel2_IRQHandler
                0x00000000080012ec                QUADSPI_IRQHandler
                0x00000000080012ec                I2C1_EV_IRQHandler
                0x00000000080012ec                DMA1_Stream6_IRQHandler
                0x00000000080012ec                DMAMUX1_OVR_IRQHandler
                0x00000000080012ec                DMA1_Stream1_IRQHandler
                0x00000000080012ec                TIM16_IRQHandler
                0x00000000080012ec                UART4_IRQHandler
                0x00000000080012ec                BDMA_Channel5_IRQHandler
                0x00000000080012ec                TIM3_IRQHandler
                0x00000000080012ec                RCC_IRQHandler
                0x00000000080012ec                TIM8_BRK_TIM12_IRQHandler
                0x00000000080012ec                TIM1_TRG_COM_IRQHandler
                0x00000000080012ec                Default_Handler
                0x00000000080012ec                ECC_IRQHandler
                0x00000000080012ec                CEC_IRQHandler
                0x00000000080012ec                EXTI15_10_IRQHandler
                0x00000000080012ec                BDMA_Channel0_IRQHandler
                0x00000000080012ec                ADC_IRQHandler
                0x00000000080012ec                DMA1_Stream7_IRQHandler
                0x00000000080012ec                HRTIM1_TIMA_IRQHandler
                0x00000000080012ec                SPI5_IRQHandler
                0x00000000080012ec                TIM7_IRQHandler
                0x00000000080012ec                SDMMC1_IRQHandler
                0x00000000080012ec                TIM5_IRQHandler
                0x00000000080012ec                DMA2_Stream7_IRQHandler
                0x00000000080012ec                TIM15_IRQHandler
                0x00000000080012ec                PVD_AVD_IRQHandler
                0x00000000080012ec                I2C3_EV_IRQHandler
                0x00000000080012ec                EXTI9_5_IRQHandler
                0x00000000080012ec                RTC_WKUP_IRQHandler
                0x00000000080012ec                LTDC_IRQHandler
                0x00000000080012ec                SAI3_IRQHandler
                0x00000000080012ec                ETH_WKUP_IRQHandler
                0x00000000080012ec                SPDIF_RX_IRQHandler
                0x00000000080012ec                SPI2_IRQHandler
                0x00000000080012ec                OTG_HS_EP1_IN_IRQHandler
                0x00000000080012ec                DMA1_Stream0_IRQHandler
                0x00000000080012ec                CRS_IRQHandler
                0x00000000080012ec                EXTI4_IRQHandler
                0x00000000080012ec                RNG_IRQHandler
                0x00000000080012ec                HRTIM1_TIMB_IRQHandler
                0x00000000080012ec                FDCAN2_IT1_IRQHandler
                0x00000000080012ec                ETH_IRQHandler
                0x00000000080012ec                TIM1_UP_IRQHandler
                0x00000000080012ec                BDMA_Channel4_IRQHandler
                0x00000000080012ec                OTG_HS_EP1_OUT_IRQHandler
                0x00000000080012ec                WWDG_IRQHandler
                0x00000000080012ec                SPI6_IRQHandler
                0x00000000080012ec                MDIOS_IRQHandler
                0x00000000080012ec                I2C4_EV_IRQHandler
                0x00000000080012ec                FDCAN2_IT0_IRQHandler
                0x00000000080012ec                LPUART1_IRQHandler
                0x00000000080012ec                FDCAN1_IT0_IRQHandler
                0x00000000080012ec                TIM2_IRQHandler
                0x00000000080012ec                OTG_FS_WKUP_IRQHandler
                0x00000000080012ec                OTG_HS_IRQHandler
                0x00000000080012ec                DMA2D_IRQHandler
                0x00000000080012ec                TIM1_BRK_IRQHandler
                0x00000000080012ec                EXTI1_IRQHandler
                0x00000000080012ec                SDMMC2_IRQHandler
                0x00000000080012ec                OTG_FS_EP1_OUT_IRQHandler
                0x00000000080012ec                BDMA_Channel3_IRQHandler
                0x00000000080012ec                UART7_IRQHandler
                0x00000000080012ec                MDIOS_WKUP_IRQHandler
                0x00000000080012ec                USART2_IRQHandler
                0x00000000080012ec                DFSDM1_FLT0_IRQHandler
                0x00000000080012ec                SAI4_IRQHandler
                0x00000000080012ec                I2C2_ER_IRQHandler
                0x00000000080012ec                DMA2_Stream1_IRQHandler
                0x00000000080012ec                FLASH_IRQHandler
                0x00000000080012ec                DMA2_Stream4_IRQHandler
                0x00000000080012ec                USART1_IRQHandler
                0x00000000080012ec                OTG_FS_IRQHandler
                0x00000000080012ec                SPI3_IRQHandler
                0x00000000080012ec                WAKEUP_PIN_IRQHandler
                0x00000000080012ec                DMA1_Stream4_IRQHandler
                0x00000000080012ec                OTG_FS_EP1_IN_IRQHandler
                0x00000000080012ec                I2C1_ER_IRQHandler
                0x00000000080012ec                FMC_IRQHandler
                0x00000000080012ec                FDCAN_CAL_IRQHandler
                0x00000000080012ec                SWPMI1_IRQHandler
                0x00000000080012ec                COMP1_IRQHandler
                0x00000000080012ec                LPTIM1_IRQHandler
                0x00000000080012ec                I2C4_ER_IRQHandler
                0x00000000080012ec                DMA2_Stream6_IRQHandler
                0x00000000080012ec                SAI1_IRQHandler
                0x00000000080012ec                DMA1_Stream3_IRQHandler
 *fill*         0x00000000080012ee        0x2 
 .text.HAL_Init
                0x00000000080012f0       0x78 Drivers/STM32H7xx_HAL_Driver/Src/stm32h7xx_hal.o
                0x00000000080012f0                HAL_Init
 .text.HAL_InitTick
                0x0000000008001368       0x6c Drivers/STM32H7xx_HAL_Driver/Src/stm32h7xx_hal.o
                0x0000000008001368                HAL_InitTick
 .text.HAL_IncTick
                0x00000000080013d4       0x28 Drivers/STM32H7xx_HAL_Driver/Src/stm32h7xx_hal.o
                0x00000000080013d4                HAL_IncTick
 .text.HAL_GetTick
                0x00000000080013fc       0x18 Drivers/STM32H7xx_HAL_Driver/Src/stm32h7xx_hal.o
                0x00000000080013fc                HAL_GetTick
 .text.HAL_Delay
                0x0000000008001414       0x44 Drivers/STM32H7xx_HAL_Driver/Src/stm32h7xx_hal.o
                0x0000000008001414                HAL_Delay
 .text.HAL_GetREVID
                0x0000000008001458       0x18 Drivers/STM32H7xx_HAL_Driver/Src/stm32h7xx_hal.o
                0x0000000008001458                HAL_GetREVID
 .text.__NVIC_SetPriorityGrouping
                0x0000000008001470       0x48 Drivers/STM32H7xx_HAL_Driver/Src/stm32h7xx_hal_cortex.o
 .text.__NVIC_GetPriorityGrouping
                0x00000000080014b8       0x1c Drivers/STM32H7xx_HAL_Driver/Src/stm32h7xx_hal_cortex.o
 .text.__NVIC_SetPriority
                0x00000000080014d4       0x54 Drivers/STM32H7xx_HAL_Driver/Src/stm32h7xx_hal_cortex.o
 .text.NVIC_EncodePriority
                0x0000000008001528       0x66 Drivers/STM32H7xx_HAL_Driver/Src/stm32h7xx_hal_cortex.o
 *fill*         0x000000000800158e        0x2 
 .text.SysTick_Config
                0x0000000008001590       0x44 Drivers/STM32H7xx_HAL_Driver/Src/stm32h7xx_hal_cortex.o
 .text.HAL_NVIC_SetPriorityGrouping
                0x00000000080015d4       0x16 Drivers/STM32H7xx_HAL_Driver/Src/stm32h7xx_hal_cortex.o
                0x00000000080015d4                HAL_NVIC_SetPriorityGrouping
 .text.HAL_NVIC_SetPriority
                0x00000000080015ea       0x34 Drivers/STM32H7xx_HAL_Driver/Src/stm32h7xx_hal_cortex.o
                0x00000000080015ea                HAL_NVIC_SetPriority
 .text.HAL_SYSTICK_Config
                0x000000000800161e       0x18 Drivers/STM32H7xx_HAL_Driver/Src/stm32h7xx_hal_cortex.o
                0x000000000800161e                HAL_SYSTICK_Config
 *fill*         0x0000000008001636        0x2 
 .text.HAL_GPIO_Init
                0x0000000008001638      0x360 Drivers/STM32H7xx_HAL_Driver/Src/stm32h7xx_hal_gpio.o
                0x0000000008001638                HAL_GPIO_Init
 .text.HAL_PWREx_ConfigSupply
                0x0000000008001998       0x74 Drivers/STM32H7xx_HAL_Driver/Src/stm32h7xx_hal_pwr_ex.o
                0x0000000008001998                HAL_PWREx_ConfigSupply
 .text.HAL_RCC_OscConfig
                0x0000000008001a0c      0x820 Drivers/STM32H7xx_HAL_Driver/Src/stm32h7xx_hal_rcc.o
                0x0000000008001a0c                HAL_RCC_OscConfig
 .text.HAL_RCC_ClockConfig
                0x000000000800222c      0x36c Drivers/STM32H7xx_HAL_Driver/Src/stm32h7xx_hal_rcc.o
                0x000000000800222c                HAL_RCC_ClockConfig
 .text.HAL_RCC_GetSysClockFreq
                0x0000000008002598      0x2e4 Drivers/STM32H7xx_HAL_Driver/Src/stm32h7xx_hal_rcc.o
                0x0000000008002598                HAL_RCC_GetSysClockFreq
 .text.HAL_RCC_GetHCLKFreq
                0x000000000800287c       0x60 Drivers/STM32H7xx_HAL_Driver/Src/stm32h7xx_hal_rcc.o
                0x000000000800287c                HAL_RCC_GetHCLKFreq
 .text.HAL_RCC_GetPCLK1Freq
                0x00000000080028dc       0x2c Drivers/STM32H7xx_HAL_Driver/Src/stm32h7xx_hal_rcc.o
                0x00000000080028dc                HAL_RCC_GetPCLK1Freq
 .text.HAL_RCC_GetPCLK2Freq
                0x0000000008002908       0x2c Drivers/STM32H7xx_HAL_Driver/Src/stm32h7xx_hal_rcc.o
                0x0000000008002908                HAL_RCC_GetPCLK2Freq
 .text.HAL_RCCEx_PeriphCLKConfig
                0x0000000008002934      0xddc Drivers/STM32H7xx_HAL_Driver/Src/stm32h7xx_hal_rcc_ex.o
                0x0000000008002934                HAL_RCCEx_PeriphCLKConfig
 .text.HAL_RCCEx_GetD3PCLK1Freq
                0x0000000008003710       0x2c Drivers/STM32H7xx_HAL_Driver/Src/stm32h7xx_hal_rcc_ex.o
                0x0000000008003710                HAL_RCCEx_GetD3PCLK1Freq
 .text.HAL_RCCEx_GetPLL2ClockFreq
                0x000000000800373c      0x298 Drivers/STM32H7xx_HAL_Driver/Src/stm32h7xx_hal_rcc_ex.o
                0x000000000800373c                HAL_RCCEx_GetPLL2ClockFreq
 .text.HAL_RCCEx_GetPLL3ClockFreq
                0x00000000080039d4      0x298 Drivers/STM32H7xx_HAL_Driver/Src/stm32h7xx_hal_rcc_ex.o
                0x00000000080039d4                HAL_RCCEx_GetPLL3ClockFreq
 .text.RCCEx_PLL2_Config
                0x0000000008003c6c      0x164 Drivers/STM32H7xx_HAL_Driver/Src/stm32h7xx_hal_rcc_ex.o
 .text.RCCEx_PLL3_Config
                0x0000000008003dd0      0x164 Drivers/STM32H7xx_HAL_Driver/Src/stm32h7xx_hal_rcc_ex.o
 .text.HAL_TIM_Base_Init
                0x0000000008003f34       0xae Drivers/STM32H7xx_HAL_Driver/Src/stm32h7xx_hal_tim.o
                0x0000000008003f34                HAL_TIM_Base_Init
 .text.HAL_TIM_PWM_Init
                0x0000000008003fe2       0xae Drivers/STM32H7xx_HAL_Driver/Src/stm32h7xx_hal_tim.o
                0x0000000008003fe2                HAL_TIM_PWM_Init
 .text.HAL_TIM_PWM_MspInit
                0x0000000008004090       0x14 Drivers/STM32H7xx_HAL_Driver/Src/stm32h7xx_hal_tim.o
                0x0000000008004090                HAL_TIM_PWM_MspInit
 .text.HAL_TIM_PWM_Start
                0x00000000080040a4      0x1a4 Drivers/STM32H7xx_HAL_Driver/Src/stm32h7xx_hal_tim.o
                0x00000000080040a4                HAL_TIM_PWM_Start
 .text.HAL_TIM_PWM_ConfigChannel
                0x0000000008004248      0x220 Drivers/STM32H7xx_HAL_Driver/Src/stm32h7xx_hal_tim.o
                0x0000000008004248                HAL_TIM_PWM_ConfigChannel
 .text.HAL_TIM_ConfigClockSource
                0x0000000008004468      0x1a0 Drivers/STM32H7xx_HAL_Driver/Src/stm32h7xx_hal_tim.o
                0x0000000008004468                HAL_TIM_ConfigClockSource
 .text.TIM_Base_SetConfig
                0x0000000008004608      0x134 Drivers/STM32H7xx_HAL_Driver/Src/stm32h7xx_hal_tim.o
                0x0000000008004608                TIM_Base_SetConfig
 .text.TIM_OC1_SetConfig
                0x000000000800473c      0x120 Drivers/STM32H7xx_HAL_Driver/Src/stm32h7xx_hal_tim.o
 .text.TIM_OC2_SetConfig
                0x000000000800485c      0x114 Drivers/STM32H7xx_HAL_Driver/Src/stm32h7xx_hal_tim.o
                0x000000000800485c                TIM_OC2_SetConfig
 .text.TIM_OC3_SetConfig
                0x0000000008004970      0x10c Drivers/STM32H7xx_HAL_Driver/Src/stm32h7xx_hal_tim.o
 .text.TIM_OC4_SetConfig
                0x0000000008004a7c       0xd0 Drivers/STM32H7xx_HAL_Driver/Src/stm32h7xx_hal_tim.o
 .text.TIM_OC5_SetConfig
                0x0000000008004b4c       0xc4 Drivers/STM32H7xx_HAL_Driver/Src/stm32h7xx_hal_tim.o
 .text.TIM_OC6_SetConfig
                0x0000000008004c10       0xc8 Drivers/STM32H7xx_HAL_Driver/Src/stm32h7xx_hal_tim.o
 .text.TIM_TI1_ConfigInputStage
                0x0000000008004cd8       0x5e Drivers/STM32H7xx_HAL_Driver/Src/stm32h7xx_hal_tim.o
 .text.TIM_TI2_ConfigInputStage
                0x0000000008004d36       0x60 Drivers/STM32H7xx_HAL_Driver/Src/stm32h7xx_hal_tim.o
 *fill*         0x0000000008004d96        0x2 
 .text.TIM_ITRx_SetConfig
                0x0000000008004d98       0x3c Drivers/STM32H7xx_HAL_Driver/Src/stm32h7xx_hal_tim.o
 .text.TIM_ETR_SetConfig
                0x0000000008004dd4       0x40 Drivers/STM32H7xx_HAL_Driver/Src/stm32h7xx_hal_tim.o
                0x0000000008004dd4                TIM_ETR_SetConfig
 .text.TIM_CCxChannelCmd
                0x0000000008004e14       0x4a Drivers/STM32H7xx_HAL_Driver/Src/stm32h7xx_hal_tim.o
                0x0000000008004e14                TIM_CCxChannelCmd
 *fill*         0x0000000008004e5e        0x2 
 .text.HAL_TIMEx_MasterConfigSynchronization
                0x0000000008004e60      0x110 Drivers/STM32H7xx_HAL_Driver/Src/stm32h7xx_hal_tim_ex.o
                0x0000000008004e60                HAL_TIMEx_MasterConfigSynchronization
 .text.HAL_TIMEx_ConfigBreakDeadTime
                0x0000000008004f70       0xfc Drivers/STM32H7xx_HAL_Driver/Src/stm32h7xx_hal_tim_ex.o
                0x0000000008004f70                HAL_TIMEx_ConfigBreakDeadTime
 .text.HAL_UART_Init
                0x000000000800506c       0xa0 Drivers/STM32H7xx_HAL_Driver/Src/stm32h7xx_hal_uart.o
                0x000000000800506c                HAL_UART_Init
 .text.HAL_UART_Receive_IT
                0x000000000800510c      0x1b0 Drivers/STM32H7xx_HAL_Driver/Src/stm32h7xx_hal_uart.o
                0x000000000800510c                HAL_UART_Receive_IT
 .text.HAL_UART_RxCpltCallback
                0x00000000080052bc       0x14 Drivers/STM32H7xx_HAL_Driver/Src/stm32h7xx_hal_uart.o
                0x00000000080052bc                HAL_UART_RxCpltCallback
 .text.UART_SetConfig
                0x00000000080052d0      0xb60 Drivers/STM32H7xx_HAL_Driver/Src/stm32h7xx_hal_uart.o
                0x00000000080052d0                UART_SetConfig
 .text.UART_AdvFeatureConfig
                0x0000000008005e30      0x144 Drivers/STM32H7xx_HAL_Driver/Src/stm32h7xx_hal_uart.o
                0x0000000008005e30                UART_AdvFeatureConfig
 .text.UART_CheckIdleState
                0x0000000008005f74       0x90 Drivers/STM32H7xx_HAL_Driver/Src/stm32h7xx_hal_uart.o
                0x0000000008005f74                UART_CheckIdleState
 .text.UART_WaitOnFlagUntilTimeout
                0x0000000008006004      0x100 Drivers/STM32H7xx_HAL_Driver/Src/stm32h7xx_hal_uart.o
                0x0000000008006004                UART_WaitOnFlagUntilTimeout
 .text.UART_RxISR_8BIT
                0x0000000008006104       0xaa Drivers/STM32H7xx_HAL_Driver/Src/stm32h7xx_hal_uart.o
 .text.UART_RxISR_16BIT
                0x00000000080061ae       0xaa Drivers/STM32H7xx_HAL_Driver/Src/stm32h7xx_hal_uart.o
 .text.UART_RxISR_8BIT_FIFOEN
                0x0000000008006258      0x108 Drivers/STM32H7xx_HAL_Driver/Src/stm32h7xx_hal_uart.o
 .text.UART_RxISR_16BIT_FIFOEN
                0x0000000008006360      0x108 Drivers/STM32H7xx_HAL_Driver/Src/stm32h7xx_hal_uart.o
 .text.HAL_UARTEx_DisableFifoMode
                0x0000000008006468       0x72 Drivers/STM32H7xx_HAL_Driver/Src/stm32h7xx_hal_uart_ex.o
                0x0000000008006468                HAL_UARTEx_DisableFifoMode
 .text.HAL_UARTEx_SetTxFifoThreshold
                0x00000000080064da       0x7c Drivers/STM32H7xx_HAL_Driver/Src/stm32h7xx_hal_uart_ex.o
                0x00000000080064da                HAL_UARTEx_SetTxFifoThreshold
 .text.HAL_UARTEx_SetRxFifoThreshold
                0x0000000008006556       0x7c Drivers/STM32H7xx_HAL_Driver/Src/stm32h7xx_hal_uart_ex.o
                0x0000000008006556                HAL_UARTEx_SetRxFifoThreshold
 *fill*         0x00000000080065d2        0x2 
 .text.UARTEx_SetNbDataToProcess
                0x00000000080065d4       0xd0 Drivers/STM32H7xx_HAL_Driver/Src/stm32h7xx_hal_uart_ex.o
 .text.__libc_init_array
                0x00000000080066a4       0x48 d:/stm32cubeide_1.5.0/stm32cubeide/plugins/com.st.stm32cube.ide.mcu.externaltools.gnu-tools-for-stm32.7-2018-q2-update.win32_1.5.0.202011040924/tools/bin/../lib/gcc/arm-none-eabi/7.3.1/../../../../arm-none-eabi/lib/thumb/v7e-m/fpv5/hard\libc_nano.a(lib_a-init.o)
                0x00000000080066a4                __libc_init_array
 .text.memset   0x00000000080066ec       0x10 d:/stm32cubeide_1.5.0/stm32cubeide/plugins/com.st.stm32cube.ide.mcu.externaltools.gnu-tools-for-stm32.7-2018-q2-update.win32_1.5.0.202011040924/tools/bin/../lib/gcc/arm-none-eabi/7.3.1/../../../../arm-none-eabi/lib/thumb/v7e-m/fpv5/hard\libc_nano.a(lib_a-memset.o)
                0x00000000080066ec                memset
 *(.glue_7)
 .glue_7        0x00000000080066fc        0x0 linker stubs
 *(.glue_7t)
 .glue_7t       0x00000000080066fc        0x0 linker stubs
 *(.eh_frame)
 .eh_frame      0x00000000080066fc        0x0 d:/stm32cubeide_1.5.0/stm32cubeide/plugins/com.st.stm32cube.ide.mcu.externaltools.gnu-tools-for-stm32.7-2018-q2-update.win32_1.5.0.202011040924/tools/bin/../lib/gcc/arm-none-eabi/7.3.1/thumb/v7e-m/fpv5/hard/crtbegin.o
 *(.init)
 .init          0x00000000080066fc        0x4 d:/stm32cubeide_1.5.0/stm32cubeide/plugins/com.st.stm32cube.ide.mcu.externaltools.gnu-tools-for-stm32.7-2018-q2-update.win32_1.5.0.202011040924/tools/bin/../lib/gcc/arm-none-eabi/7.3.1/thumb/v7e-m/fpv5/hard/crti.o
                0x00000000080066fc                _init
 .init          0x0000000008006700        0x8 d:/stm32cubeide_1.5.0/stm32cubeide/plugins/com.st.stm32cube.ide.mcu.externaltools.gnu-tools-for-stm32.7-2018-q2-update.win32_1.5.0.202011040924/tools/bin/../lib/gcc/arm-none-eabi/7.3.1/thumb/v7e-m/fpv5/hard/crtn.o
 *(.fini)
 .fini          0x0000000008006708        0x4 d:/stm32cubeide_1.5.0/stm32cubeide/plugins/com.st.stm32cube.ide.mcu.externaltools.gnu-tools-for-stm32.7-2018-q2-update.win32_1.5.0.202011040924/tools/bin/../lib/gcc/arm-none-eabi/7.3.1/thumb/v7e-m/fpv5/hard/crti.o
                0x0000000008006708                _fini
 .fini          0x000000000800670c        0x8 d:/stm32cubeide_1.5.0/stm32cubeide/plugins/com.st.stm32cube.ide.mcu.externaltools.gnu-tools-for-stm32.7-2018-q2-update.win32_1.5.0.202011040924/tools/bin/../lib/gcc/arm-none-eabi/7.3.1/thumb/v7e-m/fpv5/hard/crtn.o
                0x0000000008006714                . = ALIGN (0x4)
                0x0000000008006714                _etext = .

.vfp11_veneer   0x0000000008006714        0x0
 .vfp11_veneer  0x0000000008006714        0x0 linker stubs

.v4_bx          0x0000000008006714        0x0
 .v4_bx         0x0000000008006714        0x0 linker stubs

.iplt           0x0000000008006714        0x0
 .iplt          0x0000000008006714        0x0 d:/stm32cubeide_1.5.0/stm32cubeide/plugins/com.st.stm32cube.ide.mcu.externaltools.gnu-tools-for-stm32.7-2018-q2-update.win32_1.5.0.202011040924/tools/bin/../lib/gcc/arm-none-eabi/7.3.1/thumb/v7e-m/fpv5/hard/crtbegin.o

.rodata         0x0000000008006714       0x38
                0x0000000008006714                . = ALIGN (0x4)
 *(.rodata)
 .rodata        0x0000000008006714       0x10 Drivers/STM32H7xx_HAL_Driver/Src/stm32h7xx_hal_uart_ex.o
 *(.rodata*)
 .rodata.D1CorePrescTable
                0x0000000008006724       0x10 Core/Src/system_stm32h7xx.o
                0x0000000008006724                D1CorePrescTable
 .rodata.UARTPrescTable
                0x0000000008006734       0x18 Drivers/STM32H7xx_HAL_Driver/Src/stm32h7xx_hal_uart.o
                0x0000000008006734                UARTPrescTable
                0x000000000800674c                . = ALIGN (0x4)

.ARM.extab      0x000000000800674c        0x0
                0x000000000800674c                . = ALIGN (0x4)
 *(.ARM.extab* .gnu.linkonce.armextab.*)
                0x000000000800674c                . = ALIGN (0x4)

.ARM            0x000000000800674c        0x8
                0x000000000800674c                . = ALIGN (0x4)
                0x000000000800674c                __exidx_start = .
 *(.ARM.exidx*)
 .ARM.exidx     0x000000000800674c        0x8 d:/stm32cubeide_1.5.0/stm32cubeide/plugins/com.st.stm32cube.ide.mcu.externaltools.gnu-tools-for-stm32.7-2018-q2-update.win32_1.5.0.202011040924/tools/bin/../lib/gcc/arm-none-eabi/7.3.1/thumb/v7e-m/fpv5/hard\libgcc.a(_udivmoddi4.o)
                0x0000000008006754                __exidx_end = .
                0x0000000008006754                . = ALIGN (0x4)

.rel.dyn        0x0000000008006754        0x0
 .rel.iplt      0x0000000008006754        0x0 d:/stm32cubeide_1.5.0/stm32cubeide/plugins/com.st.stm32cube.ide.mcu.externaltools.gnu-tools-for-stm32.7-2018-q2-update.win32_1.5.0.202011040924/tools/bin/../lib/gcc/arm-none-eabi/7.3.1/thumb/v7e-m/fpv5/hard/crtbegin.o

.preinit_array  0x0000000008006754        0x0
                0x0000000008006754                . = ALIGN (0x4)
                0x0000000008006754                PROVIDE (__preinit_array_start = .)
 *(.preinit_array*)
                0x0000000008006754                PROVIDE (__preinit_array_end = .)
                0x0000000008006754                . = ALIGN (0x4)

.init_array     0x0000000008006754        0x4
                0x0000000008006754                . = ALIGN (0x4)
                0x0000000008006754                PROVIDE (__init_array_start = .)
 *(SORT_BY_NAME(.init_array.*))
 *(.init_array*)
 .init_array    0x0000000008006754        0x4 d:/stm32cubeide_1.5.0/stm32cubeide/plugins/com.st.stm32cube.ide.mcu.externaltools.gnu-tools-for-stm32.7-2018-q2-update.win32_1.5.0.202011040924/tools/bin/../lib/gcc/arm-none-eabi/7.3.1/thumb/v7e-m/fpv5/hard/crtbegin.o
                0x0000000008006758                PROVIDE (__init_array_end = .)
                0x0000000008006758                . = ALIGN (0x4)

.fini_array     0x0000000008006758        0x4
                0x0000000008006758                . = ALIGN (0x4)
                [!provide]                        PROVIDE (__fini_array_start = .)
 *(SORT_BY_NAME(.fini_array.*))
 *(.fini_array*)
 .fini_array    0x0000000008006758        0x4 d:/stm32cubeide_1.5.0/stm32cubeide/plugins/com.st.stm32cube.ide.mcu.externaltools.gnu-tools-for-stm32.7-2018-q2-update.win32_1.5.0.202011040924/tools/bin/../lib/gcc/arm-none-eabi/7.3.1/thumb/v7e-m/fpv5/hard/crtbegin.o
                [!provide]                        PROVIDE (__fini_array_end = .)
                0x000000000800675c                . = ALIGN (0x4)
                0x000000000800675c                _sidata = LOADADDR (.data)

.data           0x0000000024000000       0x10 load address 0x000000000800675c
                0x0000000024000000                . = ALIGN (0x4)
                0x0000000024000000                _sdata = .
 *(.data)
 *(.data*)
 .data.SystemCoreClock
                0x0000000024000000        0x4 Core/Src/system_stm32h7xx.o
                0x0000000024000000                SystemCoreClock
 .data.SystemD2Clock
                0x0000000024000004        0x4 Core/Src/system_stm32h7xx.o
                0x0000000024000004                SystemD2Clock
 .data.uwTickPrio
                0x0000000024000008        0x4 Drivers/STM32H7xx_HAL_Driver/Src/stm32h7xx_hal.o
                0x0000000024000008                uwTickPrio
 .data.uwTickFreq
                0x000000002400000c        0x1 Drivers/STM32H7xx_HAL_Driver/Src/stm32h7xx_hal.o
                0x000000002400000c                uwTickFreq
 *(.RamFunc)
 *(.RamFunc*)
                0x0000000024000010                . = ALIGN (0x4)
 *fill*         0x000000002400000d        0x3 
                0x0000000024000010                _edata = .

.igot.plt       0x0000000024000010        0x0 load address 0x000000000800676c
 .igot.plt      0x0000000024000010        0x0 d:/stm32cubeide_1.5.0/stm32cubeide/plugins/com.st.stm32cube.ide.mcu.externaltools.gnu-tools-for-stm32.7-2018-q2-update.win32_1.5.0.202011040924/tools/bin/../lib/gcc/arm-none-eabi/7.3.1/thumb/v7e-m/fpv5/hard/crtbegin.o
                0x0000000024000010                . = ALIGN (0x4)

.bss            0x0000000024000010      0x268 load address 0x000000000800676c
                0x0000000024000010                _sbss = .
                0x0000000024000010                __bss_start__ = _sbss
 *(.bss)
 .bss           0x0000000024000010       0x1c d:/stm32cubeide_1.5.0/stm32cubeide/plugins/com.st.stm32cube.ide.mcu.externaltools.gnu-tools-for-stm32.7-2018-q2-update.win32_1.5.0.202011040924/tools/bin/../lib/gcc/arm-none-eabi/7.3.1/thumb/v7e-m/fpv5/hard/crtbegin.o
 *(.bss*)
 *(COMMON)
 COMMON         0x000000002400002c      0x248 Core/Src/main.o
                0x000000002400002c                htim8
                0x0000000024000078                huart3
                0x0000000024000104                YY
                0x0000000024000110                huart1
                0x000000002400019c                htim1
                0x00000000240001e8                huart2
 COMMON         0x0000000024000274        0x4 Drivers/STM32H7xx_HAL_Driver/Src/stm32h7xx_hal.o
                0x0000000024000274                uwTick
                0x0000000024000278                . = ALIGN (0x4)
                0x0000000024000278                _ebss = .
                0x0000000024000278                __bss_end__ = _ebss

._user_heap_stack
                0x0000000024000278      0x600 load address 0x000000000800676c
                0x0000000024000278                . = ALIGN (0x8)
                [!provide]                        PROVIDE (end = .)
                0x0000000024000278                PROVIDE (_end = .)
                0x0000000024000478                . = (. + _Min_Heap_Size)
 *fill*         0x0000000024000278      0x200 
                0x0000000024000878                . = (. + _Min_Stack_Size)
 *fill*         0x0000000024000478      0x400 
                0x0000000024000878                . = ALIGN (0x8)

/DISCARD/
 libc.a(*)
 libm.a(*)
 libgcc.a(*)

.ARM.attributes
                0x0000000000000000       0x2e
 *(.ARM.attributes)
 .ARM.attributes
                0x0000000000000000       0x20 d:/stm32cubeide_1.5.0/stm32cubeide/plugins/com.st.stm32cube.ide.mcu.externaltools.gnu-tools-for-stm32.7-2018-q2-update.win32_1.5.0.202011040924/tools/bin/../lib/gcc/arm-none-eabi/7.3.1/thumb/v7e-m/fpv5/hard/crti.o
 .ARM.attributes
                0x0000000000000020       0x32 d:/stm32cubeide_1.5.0/stm32cubeide/plugins/com.st.stm32cube.ide.mcu.externaltools.gnu-tools-for-stm32.7-2018-q2-update.win32_1.5.0.202011040924/tools/bin/../lib/gcc/arm-none-eabi/7.3.1/thumb/v7e-m/fpv5/hard/crtbegin.o
 .ARM.attributes
                0x0000000000000052       0x37 Core/Src/main.o
 .ARM.attributes
                0x0000000000000089       0x37 Core/Src/stm32h7xx_hal_msp.o
 .ARM.attributes
                0x00000000000000c0       0x37 Core/Src/stm32h7xx_it.o
 .ARM.attributes
                0x00000000000000f7       0x37 Core/Src/system_stm32h7xx.o
 .ARM.attributes
                0x000000000000012e       0x21 Core/Startup/startup_stm32h743vitx.o
 .ARM.attributes
                0x000000000000014f       0x37 Drivers/STM32H7xx_HAL_Driver/Src/stm32h7xx_hal.o
 .ARM.attributes
                0x0000000000000186       0x37 Drivers/STM32H7xx_HAL_Driver/Src/stm32h7xx_hal_cortex.o
 .ARM.attributes
                0x00000000000001bd       0x37 Drivers/STM32H7xx_HAL_Driver/Src/stm32h7xx_hal_gpio.o
 .ARM.attributes
                0x00000000000001f4       0x37 Drivers/STM32H7xx_HAL_Driver/Src/stm32h7xx_hal_pwr_ex.o
 .ARM.attributes
                0x000000000000022b       0x37 Drivers/STM32H7xx_HAL_Driver/Src/stm32h7xx_hal_rcc.o
 .ARM.attributes
                0x0000000000000262       0x37 Drivers/STM32H7xx_HAL_Driver/Src/stm32h7xx_hal_rcc_ex.o
 .ARM.attributes
                0x0000000000000299       0x37 Drivers/STM32H7xx_HAL_Driver/Src/stm32h7xx_hal_tim.o
 .ARM.attributes
                0x00000000000002d0       0x37 Drivers/STM32H7xx_HAL_Driver/Src/stm32h7xx_hal_tim_ex.o
 .ARM.attributes
                0x0000000000000307       0x37 Drivers/STM32H7xx_HAL_Driver/Src/stm32h7xx_hal_uart.o
 .ARM.attributes
                0x000000000000033e       0x37 Drivers/STM32H7xx_HAL_Driver/Src/stm32h7xx_hal_uart_ex.o
 .ARM.attributes
                0x0000000000000375       0x32 d:/stm32cubeide_1.5.0/stm32cubeide/plugins/com.st.stm32cube.ide.mcu.externaltools.gnu-tools-for-stm32.7-2018-q2-update.win32_1.5.0.202011040924/tools/bin/../lib/gcc/arm-none-eabi/7.3.1/../../../../arm-none-eabi/lib/thumb/v7e-m/fpv5/hard\libc_nano.a(lib_a-init.o)
 .ARM.attributes
                0x00000000000003a7       0x32 d:/stm32cubeide_1.5.0/stm32cubeide/plugins/com.st.stm32cube.ide.mcu.externaltools.gnu-tools-for-stm32.7-2018-q2-update.win32_1.5.0.202011040924/tools/bin/../lib/gcc/arm-none-eabi/7.3.1/../../../../arm-none-eabi/lib/thumb/v7e-m/fpv5/hard\libc_nano.a(lib_a-memset.o)
 .ARM.attributes
                0x00000000000003d9       0x20 d:/stm32cubeide_1.5.0/stm32cubeide/plugins/com.st.stm32cube.ide.mcu.externaltools.gnu-tools-for-stm32.7-2018-q2-update.win32_1.5.0.202011040924/tools/bin/../lib/gcc/arm-none-eabi/7.3.1/thumb/v7e-m/fpv5/hard\libgcc.a(_aeabi_uldivmod.o)
 .ARM.attributes
                0x00000000000003f9       0x32 d:/stm32cubeide_1.5.0/stm32cubeide/plugins/com.st.stm32cube.ide.mcu.externaltools.gnu-tools-for-stm32.7-2018-q2-update.win32_1.5.0.202011040924/tools/bin/../lib/gcc/arm-none-eabi/7.3.1/thumb/v7e-m/fpv5/hard\libgcc.a(_udivmoddi4.o)
 .ARM.attributes
                0x000000000000042b       0x20 d:/stm32cubeide_1.5.0/stm32cubeide/plugins/com.st.stm32cube.ide.mcu.externaltools.gnu-tools-for-stm32.7-2018-q2-update.win32_1.5.0.202011040924/tools/bin/../lib/gcc/arm-none-eabi/7.3.1/thumb/v7e-m/fpv5/hard\libgcc.a(_dvmd_tls.o)
 .ARM.attributes
                0x000000000000044b       0x20 d:/stm32cubeide_1.5.0/stm32cubeide/plugins/com.st.stm32cube.ide.mcu.externaltools.gnu-tools-for-stm32.7-2018-q2-update.win32_1.5.0.202011040924/tools/bin/../lib/gcc/arm-none-eabi/7.3.1/thumb/v7e-m/fpv5/hard/crtn.o
OUTPUT(erche.elf elf32-littlearm)

.debug_info     0x0000000000000000    0x18a3c
 .debug_info    0x0000000000000000     0x25ec Core/Src/main.o
 .debug_info    0x00000000000025ec     0x1abb Core/Src/stm32h7xx_hal_msp.o
 .debug_info    0x00000000000040a7      0xb72 Core/Src/stm32h7xx_it.o
 .debug_info    0x0000000000004c19     0x161d Core/Src/system_stm32h7xx.o
 .debug_info    0x0000000000006236       0x22 Core/Startup/startup_stm32h743vitx.o
 .debug_info    0x0000000000006258     0x1e3c Drivers/STM32H7xx_HAL_Driver/Src/stm32h7xx_hal.o
 .debug_info    0x0000000000008094     0x1ab0 Drivers/STM32H7xx_HAL_Driver/Src/stm32h7xx_hal_cortex.o
 .debug_info    0x0000000000009b44     0x1666 Drivers/STM32H7xx_HAL_Driver/Src/stm32h7xx_hal_gpio.o
 .debug_info    0x000000000000b1aa     0x1951 Drivers/STM32H7xx_HAL_Driver/Src/stm32h7xx_hal_pwr_ex.o
 .debug_info    0x000000000000cafb     0x17c7 Drivers/STM32H7xx_HAL_Driver/Src/stm32h7xx_hal_rcc.o
 .debug_info    0x000000000000e2c2     0x1b37 Drivers/STM32H7xx_HAL_Driver/Src/stm32h7xx_hal_rcc_ex.o
 .debug_info    0x000000000000fdf9     0x334d Drivers/STM32H7xx_HAL_Driver/Src/stm32h7xx_hal_tim.o
 .debug_info    0x0000000000013146     0x1fa3 Drivers/STM32H7xx_HAL_Driver/Src/stm32h7xx_hal_tim_ex.o
 .debug_info    0x00000000000150e9     0x24aa Drivers/STM32H7xx_HAL_Driver/Src/stm32h7xx_hal_uart.o
 .debug_info    0x0000000000017593     0x14a9 Drivers/STM32H7xx_HAL_Driver/Src/stm32h7xx_hal_uart_ex.o

.debug_abbrev   0x0000000000000000     0x2652
 .debug_abbrev  0x0000000000000000      0x32b Core/Src/main.o
 .debug_abbrev  0x000000000000032b      0x289 Core/Src/stm32h7xx_hal_msp.o
 .debug_abbrev  0x00000000000005b4      0x1c9 Core/Src/stm32h7xx_it.o
 .debug_abbrev  0x000000000000077d      0x22e Core/Src/system_stm32h7xx.o
 .debug_abbrev  0x00000000000009ab       0x12 Core/Startup/startup_stm32h743vitx.o
 .debug_abbrev  0x00000000000009bd      0x2d9 Drivers/STM32H7xx_HAL_Driver/Src/stm32h7xx_hal.o
 .debug_abbrev  0x0000000000000c96      0x3b5 Drivers/STM32H7xx_HAL_Driver/Src/stm32h7xx_hal_cortex.o
 .debug_abbrev  0x000000000000104b      0x28f Drivers/STM32H7xx_HAL_Driver/Src/stm32h7xx_hal_gpio.o
 .debug_abbrev  0x00000000000012da      0x311 Drivers/STM32H7xx_HAL_Driver/Src/stm32h7xx_hal_pwr_ex.o
 .debug_abbrev  0x00000000000015eb      0x2e2 Drivers/STM32H7xx_HAL_Driver/Src/stm32h7xx_hal_rcc.o
 .debug_abbrev  0x00000000000018cd      0x2db Drivers/STM32H7xx_HAL_Driver/Src/stm32h7xx_hal_rcc_ex.o
 .debug_abbrev  0x0000000000001ba8      0x2bd Drivers/STM32H7xx_HAL_Driver/Src/stm32h7xx_hal_tim.o
 .debug_abbrev  0x0000000000001e65      0x2c3 Drivers/STM32H7xx_HAL_Driver/Src/stm32h7xx_hal_tim_ex.o
 .debug_abbrev  0x0000000000002128      0x2bb Drivers/STM32H7xx_HAL_Driver/Src/stm32h7xx_hal_uart.o
 .debug_abbrev  0x00000000000023e3      0x26f Drivers/STM32H7xx_HAL_Driver/Src/stm32h7xx_hal_uart_ex.o

.debug_aranges  0x0000000000000000      0xfa0
 .debug_aranges
                0x0000000000000000       0x80 Core/Src/main.o
 .debug_aranges
                0x0000000000000080       0x48 Core/Src/stm32h7xx_hal_msp.o
 .debug_aranges
                0x00000000000000c8       0x60 Core/Src/stm32h7xx_it.o
 .debug_aranges
                0x0000000000000128       0x28 Core/Src/system_stm32h7xx.o
 .debug_aranges
                0x0000000000000150       0x28 Core/Startup/startup_stm32h743vitx.o
 .debug_aranges
                0x0000000000000178      0x1b8 Drivers/STM32H7xx_HAL_Driver/Src/stm32h7xx_hal.o
 .debug_aranges
                0x0000000000000330      0x120 Drivers/STM32H7xx_HAL_Driver/Src/stm32h7xx_hal_cortex.o
 .debug_aranges
                0x0000000000000450       0x58 Drivers/STM32H7xx_HAL_Driver/Src/stm32h7xx_hal_gpio.o
 .debug_aranges
                0x00000000000004a8      0x158 Drivers/STM32H7xx_HAL_Driver/Src/stm32h7xx_hal_pwr_ex.o
 .debug_aranges
                0x0000000000000600       0x88 Drivers/STM32H7xx_HAL_Driver/Src/stm32h7xx_hal_rcc.o
 .debug_aranges
                0x0000000000000688       0xf8 Drivers/STM32H7xx_HAL_Driver/Src/stm32h7xx_hal_rcc_ex.o
 .debug_aranges
                0x0000000000000780      0x3e0 Drivers/STM32H7xx_HAL_Driver/Src/stm32h7xx_hal_tim.o
 .debug_aranges
                0x0000000000000b60      0x188 Drivers/STM32H7xx_HAL_Driver/Src/stm32h7xx_hal_tim_ex.o
 .debug_aranges
                0x0000000000000ce8      0x230 Drivers/STM32H7xx_HAL_Driver/Src/stm32h7xx_hal_uart.o
 .debug_aranges
                0x0000000000000f18       0x88 Drivers/STM32H7xx_HAL_Driver/Src/stm32h7xx_hal_uart_ex.o

.debug_ranges   0x0000000000000000      0xeb8
 .debug_ranges  0x0000000000000000       0x70 Core/Src/main.o
 .debug_ranges  0x0000000000000070       0x38 Core/Src/stm32h7xx_hal_msp.o
 .debug_ranges  0x00000000000000a8       0x50 Core/Src/stm32h7xx_it.o
 .debug_ranges  0x00000000000000f8       0x18 Core/Src/system_stm32h7xx.o
 .debug_ranges  0x0000000000000110       0x20 Core/Startup/startup_stm32h743vitx.o
 .debug_ranges  0x0000000000000130      0x1a8 Drivers/STM32H7xx_HAL_Driver/Src/stm32h7xx_hal.o
 .debug_ranges  0x00000000000002d8      0x110 Drivers/STM32H7xx_HAL_Driver/Src/stm32h7xx_hal_cortex.o
 .debug_ranges  0x00000000000003e8       0x48 Drivers/STM32H7xx_HAL_Driver/Src/stm32h7xx_hal_gpio.o
 .debug_ranges  0x0000000000000430      0x148 Drivers/STM32H7xx_HAL_Driver/Src/stm32h7xx_hal_pwr_ex.o
 .debug_ranges  0x0000000000000578       0x78 Drivers/STM32H7xx_HAL_Driver/Src/stm32h7xx_hal_rcc.o
 .debug_ranges  0x00000000000005f0       0xe8 Drivers/STM32H7xx_HAL_Driver/Src/stm32h7xx_hal_rcc_ex.o
 .debug_ranges  0x00000000000006d8      0x3d0 Drivers/STM32H7xx_HAL_Driver/Src/stm32h7xx_hal_tim.o
 .debug_ranges  0x0000000000000aa8      0x178 Drivers/STM32H7xx_HAL_Driver/Src/stm32h7xx_hal_tim_ex.o
 .debug_ranges  0x0000000000000c20      0x220 Drivers/STM32H7xx_HAL_Driver/Src/stm32h7xx_hal_uart.o
 .debug_ranges  0x0000000000000e40       0x78 Drivers/STM32H7xx_HAL_Driver/Src/stm32h7xx_hal_uart_ex.o

.debug_macro    0x0000000000000000    0x35e81
 .debug_macro   0x0000000000000000      0x2a4 Core/Src/main.o
 .debug_macro   0x00000000000002a4      0xa66 Core/Src/main.o
 .debug_macro   0x0000000000000d0a      0x238 Core/Src/main.o
 .debug_macro   0x0000000000000f42       0x2e Core/Src/main.o
 .debug_macro   0x0000000000000f70       0x3b Core/Src/main.o
 .debug_macro   0x0000000000000fab       0x22 Core/Src/main.o
 .debug_macro   0x0000000000000fcd       0x8e Core/Src/main.o
 .debug_macro   0x000000000000105b       0x51 Core/Src/main.o
 .debug_macro   0x00000000000010ac       0xef Core/Src/main.o
 .debug_macro   0x000000000000119b       0x6a Core/Src/main.o
 .debug_macro   0x0000000000001205      0x1df Core/Src/main.o
 .debug_macro   0x00000000000013e4       0x1c Core/Src/main.o
 .debug_macro   0x0000000000001400       0x22 Core/Src/main.o
 .debug_macro   0x0000000000001422       0xdf Core/Src/main.o
 .debug_macro   0x0000000000001501     0x12cd Core/Src/main.o
 .debug_macro   0x00000000000027ce      0x11f Core/Src/main.o
 .debug_macro   0x00000000000028ed       0x19 Core/Src/main.o
 .debug_macro   0x0000000000002906    0x2538b Core/Src/main.o
 .debug_macro   0x0000000000027c91       0x43 Core/Src/main.o
 .debug_macro   0x0000000000027cd4     0x3cd3 Core/Src/main.o
 .debug_macro   0x000000000002b9a7      0x174 Core/Src/main.o
 .debug_macro   0x000000000002bb1b       0x46 Core/Src/main.o
 .debug_macro   0x000000000002bb61       0x17 Core/Src/main.o
 .debug_macro   0x000000000002bb78       0x3c Core/Src/main.o
 .debug_macro   0x000000000002bbb4       0x34 Core/Src/main.o
 .debug_macro   0x000000000002bbe8       0x52 Core/Src/main.o
 .debug_macro   0x000000000002bc3a       0x1f Core/Src/main.o
 .debug_macro   0x000000000002bc59       0x43 Core/Src/main.o
 .debug_macro   0x000000000002bc9c       0x20 Core/Src/main.o
 .debug_macro   0x000000000002bcbc      0x1a3 Core/Src/main.o
 .debug_macro   0x000000000002be5f      0x32a Core/Src/main.o
 .debug_macro   0x000000000002c189      0x1e1 Core/Src/main.o
 .debug_macro   0x000000000002c36a       0x54 Core/Src/main.o
 .debug_macro   0x000000000002c3be     0x2382 Core/Src/main.o
 .debug_macro   0x000000000002e740     0x1009 Core/Src/main.o
 .debug_macro   0x000000000002f749      0x138 Core/Src/main.o
 .debug_macro   0x000000000002f881      0x117 Core/Src/main.o
 .debug_macro   0x000000000002f998      0x3b2 Core/Src/main.o
 .debug_macro   0x000000000002fd4a       0x27 Core/Src/main.o
 .debug_macro   0x000000000002fd71      0x72d Core/Src/main.o
 .debug_macro   0x000000000003049e      0x229 Core/Src/main.o
 .debug_macro   0x00000000000306c7       0x66 Core/Src/main.o
 .debug_macro   0x000000000003072d      0x3bb Core/Src/main.o
 .debug_macro   0x0000000000030ae8      0x3e5 Core/Src/main.o
 .debug_macro   0x0000000000030ecd      0x275 Core/Src/main.o
 .debug_macro   0x0000000000031142      0x3cb Core/Src/main.o
 .debug_macro   0x000000000003150d      0x41d Core/Src/main.o
 .debug_macro   0x000000000003192a       0x51 Core/Src/main.o
 .debug_macro   0x000000000003197b       0x4a Core/Src/main.o
 .debug_macro   0x00000000000319c5      0x22c Core/Src/main.o
 .debug_macro   0x0000000000031bf1       0x64 Core/Src/main.o
 .debug_macro   0x0000000000031c55       0xa5 Core/Src/main.o
 .debug_macro   0x0000000000031cfa      0x1c5 Core/Src/main.o
 .debug_macro   0x0000000000031ebf      0x25f Core/Src/main.o
 .debug_macro   0x000000000003211e       0x35 Core/Src/main.o
 .debug_macro   0x0000000000032153      0xad7 Core/Src/main.o
 .debug_macro   0x0000000000032c2a      0x2a0 Core/Src/main.o
 .debug_macro   0x0000000000032eca      0x662 Core/Src/main.o
 .debug_macro   0x000000000003352c       0xa6 Core/Src/main.o
 .debug_macro   0x00000000000335d2      0x5a0 Core/Src/main.o
 .debug_macro   0x0000000000033b72      0x2a4 Core/Src/stm32h7xx_hal_msp.o
 .debug_macro   0x0000000000033e16      0x2ae Core/Src/stm32h7xx_it.o
 .debug_macro   0x00000000000340c4      0x2a0 Core/Src/system_stm32h7xx.o
 .debug_macro   0x0000000000034364      0x2c4 Drivers/STM32H7xx_HAL_Driver/Src/stm32h7xx_hal.o
 .debug_macro   0x0000000000034628      0x29a Drivers/STM32H7xx_HAL_Driver/Src/stm32h7xx_hal_cortex.o
 .debug_macro   0x00000000000348c2      0x2d6 Drivers/STM32H7xx_HAL_Driver/Src/stm32h7xx_hal_gpio.o
 .debug_macro   0x0000000000034b98      0x2d3 Drivers/STM32H7xx_HAL_Driver/Src/stm32h7xx_hal_pwr_ex.o
 .debug_macro   0x0000000000034e6b      0x2be Drivers/STM32H7xx_HAL_Driver/Src/stm32h7xx_hal_rcc.o
 .debug_macro   0x0000000000035129      0x2b8 Drivers/STM32H7xx_HAL_Driver/Src/stm32h7xx_hal_rcc_ex.o
 .debug_macro   0x00000000000353e1      0x29b Drivers/STM32H7xx_HAL_Driver/Src/stm32h7xx_hal_tim.o
 .debug_macro   0x000000000003567c      0x29a Drivers/STM32H7xx_HAL_Driver/Src/stm32h7xx_hal_tim_ex.o
 .debug_macro   0x0000000000035916      0x2c5 Drivers/STM32H7xx_HAL_Driver/Src/stm32h7xx_hal_uart.o
 .debug_macro   0x0000000000035bdb      0x2a6 Drivers/STM32H7xx_HAL_Driver/Src/stm32h7xx_hal_uart_ex.o

.debug_line     0x0000000000000000     0xcb95
 .debug_line    0x0000000000000000      0xaf1 Core/Src/main.o
 .debug_line    0x0000000000000af1      0x8ee Core/Src/stm32h7xx_hal_msp.o
 .debug_line    0x00000000000013df      0x8e1 Core/Src/stm32h7xx_it.o
 .debug_line    0x0000000000001cc0      0x884 Core/Src/system_stm32h7xx.o
 .debug_line    0x0000000000002544       0x87 Core/Startup/startup_stm32h743vitx.o
 .debug_line    0x00000000000025cb      0xc36 Drivers/STM32H7xx_HAL_Driver/Src/stm32h7xx_hal.o
 .debug_line    0x0000000000003201      0xb75 Drivers/STM32H7xx_HAL_Driver/Src/stm32h7xx_hal_cortex.o
 .debug_line    0x0000000000003d76      0xa30 Drivers/STM32H7xx_HAL_Driver/Src/stm32h7xx_hal_gpio.o
 .debug_line    0x00000000000047a6      0xc12 Drivers/STM32H7xx_HAL_Driver/Src/stm32h7xx_hal_pwr_ex.o
 .debug_line    0x00000000000053b8      0xc18 Drivers/STM32H7xx_HAL_Driver/Src/stm32h7xx_hal_rcc.o
 .debug_line    0x0000000000005fd0      0xe76 Drivers/STM32H7xx_HAL_Driver/Src/stm32h7xx_hal_rcc_ex.o
 .debug_line    0x0000000000006e46     0x273f Drivers/STM32H7xx_HAL_Driver/Src/stm32h7xx_hal_tim.o
 .debug_line    0x0000000000009585     0x159b Drivers/STM32H7xx_HAL_Driver/Src/stm32h7xx_hal_tim_ex.o
 .debug_line    0x000000000000ab20     0x15cd Drivers/STM32H7xx_HAL_Driver/Src/stm32h7xx_hal_uart.o
 .debug_line    0x000000000000c0ed      0xaa8 Drivers/STM32H7xx_HAL_Driver/Src/stm32h7xx_hal_uart_ex.o

.debug_str      0x0000000000000000   0x15ecee
 .debug_str     0x0000000000000000   0x15a4e0 Core/Src/main.o
                                     0x15ab4d (size before relaxing)
 .debug_str     0x000000000015a4e0       0xa5 Core/Src/stm32h7xx_hal_msp.o
                                     0x15a395 (size before relaxing)
 .debug_str     0x000000000015a585       0xbd Core/Src/stm32h7xx_it.o
                                     0x159900 (size before relaxing)
 .debug_str     0x000000000015a642      0x332 Core/Src/system_stm32h7xx.o
                                     0x159da8 (size before relaxing)
 .debug_str     0x000000000015a974       0x36 Core/Startup/startup_stm32h743vitx.o
                                         0x45 (size before relaxing)
 .debug_str     0x000000000015a9aa      0xf85 Drivers/STM32H7xx_HAL_Driver/Src/stm32h7xx_hal.o
                                     0x15ac35 (size before relaxing)
 .debug_str     0x000000000015b92f      0x3a8 Drivers/STM32H7xx_HAL_Driver/Src/stm32h7xx_hal_cortex.o
                                     0x15a6c0 (size before relaxing)
 .debug_str     0x000000000015bcd7      0x21b Drivers/STM32H7xx_HAL_Driver/Src/stm32h7xx_hal_gpio.o
                                     0x159e44 (size before relaxing)
 .debug_str     0x000000000015bef2      0x638 Drivers/STM32H7xx_HAL_Driver/Src/stm32h7xx_hal_pwr_ex.o
                                     0x15a20c (size before relaxing)
 .debug_str     0x000000000015c52a      0x26c Drivers/STM32H7xx_HAL_Driver/Src/stm32h7xx_hal_rcc.o
                                     0x15a0d3 (size before relaxing)
 .debug_str     0x000000000015c796      0x665 Drivers/STM32H7xx_HAL_Driver/Src/stm32h7xx_hal_rcc_ex.o
                                     0x15a599 (size before relaxing)
 .debug_str     0x000000000015cdfb      0xdad Drivers/STM32H7xx_HAL_Driver/Src/stm32h7xx_hal_tim.o
                                     0x15ae09 (size before relaxing)
 .debug_str     0x000000000015dba8      0x571 Drivers/STM32H7xx_HAL_Driver/Src/stm32h7xx_hal_tim_ex.o
                                     0x15a718 (size before relaxing)
 .debug_str     0x000000000015e119      0x94d Drivers/STM32H7xx_HAL_Driver/Src/stm32h7xx_hal_uart.o
                                     0x15a9fb (size before relaxing)
 .debug_str     0x000000000015ea66      0x288 Drivers/STM32H7xx_HAL_Driver/Src/stm32h7xx_hal_uart_ex.o
                                     0x15a045 (size before relaxing)

.comment        0x0000000000000000       0x7b
 .comment       0x0000000000000000       0x7b Core/Src/main.o
                                         0x7c (size before relaxing)
 .comment       0x000000000000007b       0x7c Core/Src/stm32h7xx_hal_msp.o
 .comment       0x000000000000007b       0x7c Core/Src/stm32h7xx_it.o
 .comment       0x000000000000007b       0x7c Core/Src/system_stm32h7xx.o
 .comment       0x000000000000007b       0x7c Drivers/STM32H7xx_HAL_Driver/Src/stm32h7xx_hal.o
 .comment       0x000000000000007b       0x7c Drivers/STM32H7xx_HAL_Driver/Src/stm32h7xx_hal_cortex.o
 .comment       0x000000000000007b       0x7c Drivers/STM32H7xx_HAL_Driver/Src/stm32h7xx_hal_gpio.o
 .comment       0x000000000000007b       0x7c Drivers/STM32H7xx_HAL_Driver/Src/stm32h7xx_hal_pwr_ex.o
 .comment       0x000000000000007b       0x7c Drivers/STM32H7xx_HAL_Driver/Src/stm32h7xx_hal_rcc.o
 .comment       0x000000000000007b       0x7c Drivers/STM32H7xx_HAL_Driver/Src/stm32h7xx_hal_rcc_ex.o
 .comment       0x000000000000007b       0x7c Drivers/STM32H7xx_HAL_Driver/Src/stm32h7xx_hal_tim.o
 .comment       0x000000000000007b       0x7c Drivers/STM32H7xx_HAL_Driver/Src/stm32h7xx_hal_tim_ex.o
 .comment       0x000000000000007b       0x7c Drivers/STM32H7xx_HAL_Driver/Src/stm32h7xx_hal_uart.o
 .comment       0x000000000000007b       0x7c Drivers/STM32H7xx_HAL_Driver/Src/stm32h7xx_hal_uart_ex.o

.debug_frame    0x0000000000000000     0x425c
 .debug_frame   0x0000000000000000      0x1b8 Core/Src/main.o
 .debug_frame   0x00000000000001b8       0xf4 Core/Src/stm32h7xx_hal_msp.o
 .debug_frame   0x00000000000002ac      0x104 Core/Src/stm32h7xx_it.o
 .debug_frame   0x00000000000003b0       0x58 Core/Src/system_stm32h7xx.o
 .debug_frame   0x0000000000000408      0x710 Drivers/STM32H7xx_HAL_Driver/Src/stm32h7xx_hal.o
 .debug_frame   0x0000000000000b18      0x4b8 Drivers/STM32H7xx_HAL_Driver/Src/stm32h7xx_hal_cortex.o
 .debug_frame   0x0000000000000fd0      0x14c Drivers/STM32H7xx_HAL_Driver/Src/stm32h7xx_hal_gpio.o
 .debug_frame   0x000000000000111c      0x580 Drivers/STM32H7xx_HAL_Driver/Src/stm32h7xx_hal_pwr_ex.o
 .debug_frame   0x000000000000169c      0x1f8 Drivers/STM32H7xx_HAL_Driver/Src/stm32h7xx_hal_rcc.o
 .debug_frame   0x0000000000001894      0x3f4 Drivers/STM32H7xx_HAL_Driver/Src/stm32h7xx_hal_rcc_ex.o
 .debug_frame   0x0000000000001c88     0x1218 Drivers/STM32H7xx_HAL_Driver/Src/stm32h7xx_hal_tim.o
 .debug_frame   0x0000000000002ea0      0x6d8 Drivers/STM32H7xx_HAL_Driver/Src/stm32h7xx_hal_tim_ex.o
 .debug_frame   0x0000000000003578      0xa0c Drivers/STM32H7xx_HAL_Driver/Src/stm32h7xx_hal_uart.o
 .debug_frame   0x0000000000003f84      0x22c Drivers/STM32H7xx_HAL_Driver/Src/stm32h7xx_hal_uart_ex.o
 .debug_frame   0x00000000000041b0       0x2c d:/stm32cubeide_1.5.0/stm32cubeide/plugins/com.st.stm32cube.ide.mcu.externaltools.gnu-tools-for-stm32.7-2018-q2-update.win32_1.5.0.202011040924/tools/bin/../lib/gcc/arm-none-eabi/7.3.1/../../../../arm-none-eabi/lib/thumb/v7e-m/fpv5/hard\libc_nano.a(lib_a-init.o)
 .debug_frame   0x00000000000041dc       0x20 d:/stm32cubeide_1.5.0/stm32cubeide/plugins/com.st.stm32cube.ide.mcu.externaltools.gnu-tools-for-stm32.7-2018-q2-update.win32_1.5.0.202011040924/tools/bin/../lib/gcc/arm-none-eabi/7.3.1/../../../../arm-none-eabi/lib/thumb/v7e-m/fpv5/hard\libc_nano.a(lib_a-memset.o)
 .debug_frame   0x00000000000041fc       0x2c d:/stm32cubeide_1.5.0/stm32cubeide/plugins/com.st.stm32cube.ide.mcu.externaltools.gnu-tools-for-stm32.7-2018-q2-update.win32_1.5.0.202011040924/tools/bin/../lib/gcc/arm-none-eabi/7.3.1/thumb/v7e-m/fpv5/hard\libgcc.a(_aeabi_uldivmod.o)
 .debug_frame   0x0000000000004228       0x34 d:/stm32cubeide_1.5.0/stm32cubeide/plugins/com.st.stm32cube.ide.mcu.externaltools.gnu-tools-for-stm32.7-2018-q2-update.win32_1.5.0.202011040924/tools/bin/../lib/gcc/arm-none-eabi/7.3.1/thumb/v7e-m/fpv5/hard\libgcc.a(_udivmoddi4.o)
