Archive member included to satisfy reference by file (symbol)

d:/stm32cube_ide/stm32cubeide_1.8.0/stm32cubeide/plugins/com.st.stm32cube.ide.mcu.externaltools.gnu-tools-for-stm32.9-2020-q2-update.win32_2.0.0.202105311346/tools/bin/../lib/gcc/arm-none-eabi/9.3.1/../../../../arm-none-eabi/lib/thumb/v7e-m+dp/hard\libc_nano.a(lib_a-errno.o)
                              ./Core/Src/syscalls.o (__errno)
d:/stm32cube_ide/stm32cubeide_1.8.0/stm32cubeide/plugins/com.st.stm32cube.ide.mcu.externaltools.gnu-tools-for-stm32.9-2020-q2-update.win32_2.0.0.202105311346/tools/bin/../lib/gcc/arm-none-eabi/9.3.1/../../../../arm-none-eabi/lib/thumb/v7e-m+dp/hard\libc_nano.a(lib_a-exit.o)
                              d:/stm32cube_ide/stm32cubeide_1.8.0/stm32cubeide/plugins/com.st.stm32cube.ide.mcu.externaltools.gnu-tools-for-stm32.9-2020-q2-update.win32_2.0.0.202105311346/tools/bin/../lib/gcc/arm-none-eabi/9.3.1/../../../../arm-none-eabi/lib/thumb/v7e-m+dp/hard/crt0.o (exit)
d:/stm32cube_ide/stm32cubeide_1.8.0/stm32cubeide/plugins/com.st.stm32cube.ide.mcu.externaltools.gnu-tools-for-stm32.9-2020-q2-update.win32_2.0.0.202105311346/tools/bin/../lib/gcc/arm-none-eabi/9.3.1/../../../../arm-none-eabi/lib/thumb/v7e-m+dp/hard\libc_nano.a(lib_a-impure.o)
                              d:/stm32cube_ide/stm32cubeide_1.8.0/stm32cubeide/plugins/com.st.stm32cube.ide.mcu.externaltools.gnu-tools-for-stm32.9-2020-q2-update.win32_2.0.0.202105311346/tools/bin/../lib/gcc/arm-none-eabi/9.3.1/../../../../arm-none-eabi/lib/thumb/v7e-m+dp/hard\libc_nano.a(lib_a-exit.o) (_global_impure_ptr)
d:/stm32cube_ide/stm32cubeide_1.8.0/stm32cubeide/plugins/com.st.stm32cube.ide.mcu.externaltools.gnu-tools-for-stm32.9-2020-q2-update.win32_2.0.0.202105311346/tools/bin/../lib/gcc/arm-none-eabi/9.3.1/../../../../arm-none-eabi/lib/thumb/v7e-m+dp/hard\libc_nano.a(lib_a-init.o)
                              d:/stm32cube_ide/stm32cubeide_1.8.0/stm32cubeide/plugins/com.st.stm32cube.ide.mcu.externaltools.gnu-tools-for-stm32.9-2020-q2-update.win32_2.0.0.202105311346/tools/bin/../lib/gcc/arm-none-eabi/9.3.1/../../../../arm-none-eabi/lib/thumb/v7e-m+dp/hard/crt0.o (__libc_init_array)
d:/stm32cube_ide/stm32cubeide_1.8.0/stm32cubeide/plugins/com.st.stm32cube.ide.mcu.externaltools.gnu-tools-for-stm32.9-2020-q2-update.win32_2.0.0.202105311346/tools/bin/../lib/gcc/arm-none-eabi/9.3.1/../../../../arm-none-eabi/lib/thumb/v7e-m+dp/hard\libc_nano.a(lib_a-memset.o)
                              d:/stm32cube_ide/stm32cubeide_1.8.0/stm32cubeide/plugins/com.st.stm32cube.ide.mcu.externaltools.gnu-tools-for-stm32.9-2020-q2-update.win32_2.0.0.202105311346/tools/bin/../lib/gcc/arm-none-eabi/9.3.1/../../../../arm-none-eabi/lib/thumb/v7e-m+dp/hard/crt0.o (memset)
d:/stm32cube_ide/stm32cubeide_1.8.0/stm32cubeide/plugins/com.st.stm32cube.ide.mcu.externaltools.gnu-tools-for-stm32.9-2020-q2-update.win32_2.0.0.202105311346/tools/bin/../lib/gcc/arm-none-eabi/9.3.1/thumb/v7e-m+dp/hard\libgcc.a(_aeabi_uldivmod.o)
                              ./Drivers/STM32H7xx_HAL_Driver/Src/stm32h7xx_hal_uart.o (__aeabi_uldivmod)
d:/stm32cube_ide/stm32cubeide_1.8.0/stm32cubeide/plugins/com.st.stm32cube.ide.mcu.externaltools.gnu-tools-for-stm32.9-2020-q2-update.win32_2.0.0.202105311346/tools/bin/../lib/gcc/arm-none-eabi/9.3.1/thumb/v7e-m+dp/hard\libgcc.a(_udivmoddi4.o)
                              d:/stm32cube_ide/stm32cubeide_1.8.0/stm32cubeide/plugins/com.st.stm32cube.ide.mcu.externaltools.gnu-tools-for-stm32.9-2020-q2-update.win32_2.0.0.202105311346/tools/bin/../lib/gcc/arm-none-eabi/9.3.1/thumb/v7e-m+dp/hard\libgcc.a(_aeabi_uldivmod.o) (__udivmoddi4)
d:/stm32cube_ide/stm32cubeide_1.8.0/stm32cubeide/plugins/com.st.stm32cube.ide.mcu.externaltools.gnu-tools-for-stm32.9-2020-q2-update.win32_2.0.0.202105311346/tools/bin/../lib/gcc/arm-none-eabi/9.3.1/thumb/v7e-m+dp/hard\libgcc.a(_dvmd_tls.o)
                              d:/stm32cube_ide/stm32cubeide_1.8.0/stm32cubeide/plugins/com.st.stm32cube.ide.mcu.externaltools.gnu-tools-for-stm32.9-2020-q2-update.win32_2.0.0.202105311346/tools/bin/../lib/gcc/arm-none-eabi/9.3.1/thumb/v7e-m+dp/hard\libgcc.a(_aeabi_uldivmod.o) (__aeabi_ldiv0)

Allocating common symbols
Common symbol       size              file

htim8               0x4c              ./Core/Src/main.o
huart3              0x90              ./Core/Src/main.o
YY                  0xa               ./Core/Src/main.o
uwTick              0x4               ./Drivers/STM32H7xx_HAL_Driver/Src/stm32h7xx_hal.o
pFlash              0x1c              ./Drivers/STM32H7xx_HAL_Driver/Src/stm32h7xx_hal_flash.o
huart1              0x90              ./Core/Src/main.o
htim1               0x4c              ./Core/Src/main.o
huart2              0x90              ./Core/Src/main.o

Discarded input sections

[...]
Memory Configuration

Name             Origin             Length             Attributes
DTCMRAM          0x0000000020000000 0x0000000000020000 xrw
ITCMRAM          0x0000000000000000 0x0000000000010000 xrw
RAM_D1           0x0000000024000000 0x0000000000080000 xrw
RAM_D2           0x0000000030000000 0x0000000000048000 xrw
RAM_D3           0x0000000038000000 0x0000000000010000 xrw
FLASH            0x0000000008000000 0x0000000000200000 xr
*default*        0x0000000000000000 0xffffffffffffffff

Linker script and memory map

LOAD d:/stm32cube_ide/stm32cubeide_1.8.0/stm32cubeide/plugins/com.st.stm32cube.ide.mcu.externaltools.gnu-tools-for-stm32.9-2020-q2-update.win32_2.0.0.202105311346/tools/bin/../lib/gcc/arm-none-eabi/9.3.1/thumb/v7e-m+dp/hard/crti.o
LOAD d:/stm32cube_ide/stm32cubeide_1.8.0/stm32cubeide/plugins/com.st.stm32cube.ide.mcu.externaltools.gnu-tools-for-stm32.9-2020-q2-update.win32_2.0.0.202105311346/tools/bin/../lib/gcc/arm-none-eabi/9.3.1/thumb/v7e-m+dp/hard/crtbegin.o
LOAD d:/stm32cube_ide/stm32cubeide_1.8.0/stm32cubeide/plugins/com.st.stm32cube.ide.mcu.externaltools.gnu-tools-for-stm32.9-2020-q2-update.win32_2.0.0.202105311346/tools/bin/../lib/gcc/arm-none-eabi/9.3.1/../../../../arm-none-eabi/lib/thumb/v7e-m+dp/hard/crt0.o
LOAD ./Core/Src/main.o
LOAD ./Core/Src/stm32h7xx_hal_msp.o
LOAD ./Core/Src/stm32h7xx_it.o
LOAD ./Core/Src/syscalls.o
LOAD ./Core/Src/sysmem.o
LOAD ./Core/Src/system_stm32h7xx.o
LOAD ./Core/Startup/startup_stm32h743vitx.o
LOAD ./Drivers/STM32H7xx_HAL_Driver/Src/stm32h7xx_hal.o
LOAD ./Drivers/STM32H7xx_HAL_Driver/Src/stm32h7xx_hal_cortex.o
LOAD ./Drivers/STM32H7xx_HAL_Driver/Src/stm32h7xx_hal_dma.o
LOAD ./Drivers/STM32H7xx_HAL_Driver/Src/stm32h7xx_hal_dma_ex.o
LOAD ./Drivers/STM32H7xx_HAL_Driver/Src/stm32h7xx_hal_exti.o
LOAD ./Drivers/STM32H7xx_HAL_Driver/Src/stm32h7xx_hal_flash.o
LOAD ./Drivers/STM32H7xx_HAL_Driver/Src/stm32h7xx_hal_flash_ex.o
LOAD ./Drivers/STM32H7xx_HAL_Driver/Src/stm32h7xx_hal_gpio.o
LOAD ./Drivers/STM32H7xx_HAL_Driver/Src/stm32h7xx_hal_hsem.o
LOAD ./Drivers/STM32H7xx_HAL_Driver/Src/stm32h7xx_hal_i2c.o
LOAD ./Drivers/STM32H7xx_HAL_Driver/Src/stm32h7xx_hal_i2c_ex.o
LOAD ./Drivers/STM32H7xx_HAL_Driver/Src/stm32h7xx_hal_mdma.o
LOAD ./Drivers/STM32H7xx_HAL_Driver/Src/stm32h7xx_hal_pwr.o
LOAD ./Drivers/STM32H7xx_HAL_Driver/Src/stm32h7xx_hal_pwr_ex.o
LOAD ./Drivers/STM32H7xx_HAL_Driver/Src/stm32h7xx_hal_rcc.o
LOAD ./Drivers/STM32H7xx_HAL_Driver/Src/stm32h7xx_hal_rcc_ex.o
LOAD ./Drivers/STM32H7xx_HAL_Driver/Src/stm32h7xx_hal_tim.o
LOAD ./Drivers/STM32H7xx_HAL_Driver/Src/stm32h7xx_hal_tim_ex.o
LOAD ./Drivers/STM32H7xx_HAL_Driver/Src/stm32h7xx_hal_uart.o
LOAD ./Drivers/STM32H7xx_HAL_Driver/Src/stm32h7xx_hal_uart_ex.o
START GROUP
LOAD d:/stm32cube_ide/stm32cubeide_1.8.0/stm32cubeide/plugins/com.st.stm32cube.ide.mcu.externaltools.gnu-tools-for-stm32.9-2020-q2-update.win32_2.0.0.202105311346/tools/bin/../lib/gcc/arm-none-eabi/9.3.1/../../../../arm-none-eabi/lib/thumb/v7e-m+dp/hard\libc_nano.a
LOAD d:/stm32cube_ide/stm32cubeide_1.8.0/stm32cubeide/plugins/com.st.stm32cube.ide.mcu.externaltools.gnu-tools-for-stm32.9-2020-q2-update.win32_2.0.0.202105311346/tools/bin/../lib/gcc/arm-none-eabi/9.3.1/../../../../arm-none-eabi/lib/thumb/v7e-m+dp/hard\libm.a
END GROUP
START GROUP
LOAD d:/stm32cube_ide/stm32cubeide_1.8.0/stm32cubeide/plugins/com.st.stm32cube.ide.mcu.externaltools.gnu-tools-for-stm32.9-2020-q2-update.win32_2.0.0.202105311346/tools/bin/../lib/gcc/arm-none-eabi/9.3.1/thumb/v7e-m+dp/hard\libgcc.a
LOAD d:/stm32cube_ide/stm32cubeide_1.8.0/stm32cubeide/plugins/com.st.stm32cube.ide.mcu.externaltools.gnu-tools-for-stm32.9-2020-q2-update.win32_2.0.0.202105311346/tools/bin/../lib/gcc/arm-none-eabi/9.3.1/../../../../arm-none-eabi/lib/thumb/v7e-m+dp/hard\libc_nano.a
END GROUP
START GROUP
LOAD d:/stm32cube_ide/stm32cubeide_1.8.0/stm32cubeide/plugins/com.st.stm32cube.ide.mcu.externaltools.gnu-tools-for-stm32.9-2020-q2-update.win32_2.0.0.202105311346/tools/bin/../lib/gcc/arm-none-eabi/9.3.1/thumb/v7e-m+dp/hard\libgcc.a
LOAD d:/stm32cube_ide/stm32cubeide_1.8.0/stm32cubeide/plugins/com.st.stm32cube.ide.mcu.externaltools.gnu-tools-for-stm32.9-2020-q2-update.win32_2.0.0.202105311346/tools/bin/../lib/gcc/arm-none-eabi/9.3.1/../../../../arm-none-eabi/lib/thumb/v7e-m+dp/hard\libc_nano.a
LOAD d:/stm32cube_ide/stm32cubeide_1.8.0/stm32cubeide/plugins/com.st.stm32cube.ide.mcu.externaltools.gnu-tools-for-stm32.9-2020-q2-update.win32_2.0.0.202105311346/tools/bin/../lib/gcc/arm-none-eabi/9.3.1/../../../../arm-none-eabi/lib/thumb/v7e-m+dp/hard\libnosys.a
END GROUP
START GROUP
LOAD d:/stm32cube_ide/stm32cubeide_1.8.0/stm32cubeide/plugins/com.st.stm32cube.ide.mcu.externaltools.gnu-tools-for-stm32.9-2020-q2-update.win32_2.0.0.202105311346/tools/bin/../lib/gcc/arm-none-eabi/9.3.1/thumb/v7e-m+dp/hard\libgcc.a
LOAD d:/stm32cube_ide/stm32cubeide_1.8.0/stm32cubeide/plugins/com.st.stm32cube.ide.mcu.externaltools.gnu-tools-for-stm32.9-2020-q2-update.win32_2.0.0.202105311346/tools/bin/../lib/gcc/arm-none-eabi/9.3.1/../../../../arm-none-eabi/lib/thumb/v7e-m+dp/hard\libc_nano.a
LOAD d:/stm32cube_ide/stm32cubeide_1.8.0/stm32cubeide/plugins/com.st.stm32cube.ide.mcu.externaltools.gnu-tools-for-stm32.9-2020-q2-update.win32_2.0.0.202105311346/tools/bin/../lib/gcc/arm-none-eabi/9.3.1/../../../../arm-none-eabi/lib/thumb/v7e-m+dp/hard\libnosys.a
END GROUP
LOAD d:/stm32cube_ide/stm32cubeide_1.8.0/stm32cubeide/plugins/com.st.stm32cube.ide.mcu.externaltools.gnu-tools-for-stm32.9-2020-q2-update.win32_2.0.0.202105311346/tools/bin/../lib/gcc/arm-none-eabi/9.3.1/thumb/v7e-m+dp/hard/crtend.o
LOAD d:/stm32cube_ide/stm32cubeide_1.8.0/stm32cubeide/plugins/com.st.stm32cube.ide.mcu.externaltools.gnu-tools-for-stm32.9-2020-q2-update.win32_2.0.0.202105311346/tools/bin/../lib/gcc/arm-none-eabi/9.3.1/thumb/v7e-m+dp/hard/crtn.o
                0x0000000024080000                _estack = (ORIGIN (RAM_D1) + LENGTH (RAM_D1))
                0x0000000000000200                _Min_Heap_Size = 0x200
                0x0000000000000400                _Min_Stack_Size = 0x400

.isr_vector     0x0000000008000000      0x298
                0x0000000008000000                . = ALIGN (0x4)
 *(.isr_vector)
 .isr_vector    0x0000000008000000      0x298 ./Core/Startup/startup_stm32h743vitx.o
                0x0000000008000000                g_pfnVectors
                0x0000000008000298                . = ALIGN (0x4)

.text           0x0000000008000298     0x6f70
                0x0000000008000298                . = ALIGN (0x4)
 *(.text)
 .text          0x0000000008000298       0x40 d:/stm32cube_ide/stm32cubeide_1.8.0/stm32cubeide/plugins/com.st.stm32cube.ide.mcu.externaltools.gnu-tools-for-stm32.9-2020-q2-update.win32_2.0.0.202105311346/tools/bin/../lib/gcc/arm-none-eabi/9.3.1/thumb/v7e-m+dp/hard/crtbegin.o
 .text          0x00000000080002d8       0x30 d:/stm32cube_ide/stm32cubeide_1.8.0/stm32cubeide/plugins/com.st.stm32cube.ide.mcu.externaltools.gnu-tools-for-stm32.9-2020-q2-update.win32_2.0.0.202105311346/tools/bin/../lib/gcc/arm-none-eabi/9.3.1/thumb/v7e-m+dp/hard\libgcc.a(_aeabi_uldivmod.o)
                0x00000000080002d8                __aeabi_uldivmod
 .text          0x0000000008000308      0x2c4 d:/stm32cube_ide/stm32cubeide_1.8.0/stm32cubeide/plugins/com.st.stm32cube.ide.mcu.externaltools.gnu-tools-for-stm32.9-2020-q2-update.win32_2.0.0.202105311346/tools/bin/../lib/gcc/arm-none-eabi/9.3.1/thumb/v7e-m+dp/hard\libgcc.a(_udivmoddi4.o)
                0x0000000008000308                __udivmoddi4
 .text          0x00000000080005cc        0x4 d:/stm32cube_ide/stm32cubeide_1.8.0/stm32cubeide/plugins/com.st.stm32cube.ide.mcu.externaltools.gnu-tools-for-stm32.9-2020-q2-update.win32_2.0.0.202105311346/tools/bin/../lib/gcc/arm-none-eabi/9.3.1/thumb/v7e-m+dp/hard\libgcc.a(_dvmd_tls.o)
                0x00000000080005cc                __aeabi_idiv0
                0x00000000080005cc                __aeabi_ldiv0
 *(.text*)
 .text.move     0x00000000080005d0      0x5ac ./Core/Src/main.o
                0x00000000080005d0                move
 .text.shuxian  0x0000000008000b7c      0x234 ./Core/Src/main.o
                0x0000000008000b7c                shuxian
 .text.buzhou   0x0000000008000db0      0x3fc ./Core/Src/main.o
                0x0000000008000db0                buzhou
 .text.main     0x00000000080011ac       0x74 ./Core/Src/main.o
                0x00000000080011ac                main
 .text.SystemClock_Config
                0x0000000008001220       0xd8 ./Core/Src/main.o
                0x0000000008001220                SystemClock_Config
 .text.MX_TIM1_Init
                0x00000000080012f8      0x1a0 ./Core/Src/main.o
 .text.MX_TIM8_Init
                0x0000000008001498      0x1a0 ./Core/Src/main.o
 .text.MX_USART1_UART_Init
                0x0000000008001638       0x98 ./Core/Src/main.o
 .text.MX_USART2_UART_Init
                0x00000000080016d0       0x98 ./Core/Src/main.o
 .text.MX_USART3_UART_Init
                0x0000000008001768       0x98 ./Core/Src/main.o
 .text.MX_GPIO_Init
                0x0000000008001800      0x110 ./Core/Src/main.o
 .text.Error_Handler
                0x0000000008001910        0xa ./Core/Src/main.o
                0x0000000008001910                Error_Handler
 *fill*         0x000000000800191a        0x2 
 .text.HAL_MspInit
                0x000000000800191c       0x34 ./Core/Src/stm32h7xx_hal_msp.o
                0x000000000800191c                HAL_MspInit
 .text.HAL_TIM_Base_MspInit
                0x0000000008001950       0x74 ./Core/Src/stm32h7xx_hal_msp.o
                0x0000000008001950                HAL_TIM_Base_MspInit
 .text.HAL_TIM_MspPostInit
                0x00000000080019c4       0xcc ./Core/Src/stm32h7xx_hal_msp.o
                0x00000000080019c4                HAL_TIM_MspPostInit
 .text.HAL_UART_MspInit
                0x0000000008001a90      0x1fc ./Core/Src/stm32h7xx_hal_msp.o
                0x0000000008001a90                HAL_UART_MspInit
 .text.NMI_Handler
                0x0000000008001c8c        0x6 ./Core/Src/stm32h7xx_it.o
                0x0000000008001c8c                NMI_Handler
 .text.HardFault_Handler
                0x0000000008001c92        0x6 ./Core/Src/stm32h7xx_it.o
                0x0000000008001c92                HardFault_Handler
 .text.MemManage_Handler
                0x0000000008001c98        0x6 ./Core/Src/stm32h7xx_it.o
                0x0000000008001c98                MemManage_Handler
 .text.BusFault_Handler
                0x0000000008001c9e        0x6 ./Core/Src/stm32h7xx_it.o
                0x0000000008001c9e                BusFault_Handler
 .text.UsageFault_Handler
                0x0000000008001ca4        0x6 ./Core/Src/stm32h7xx_it.o
                0x0000000008001ca4                UsageFault_Handler
 .text.SVC_Handler
                0x0000000008001caa        0xe ./Core/Src/stm32h7xx_it.o
                0x0000000008001caa                SVC_Handler
 .text.DebugMon_Handler
                0x0000000008001cb8        0xe ./Core/Src/stm32h7xx_it.o
                0x0000000008001cb8                DebugMon_Handler
 .text.PendSV_Handler
                0x0000000008001cc6        0xe ./Core/Src/stm32h7xx_it.o
                0x0000000008001cc6                PendSV_Handler
 .text.SysTick_Handler
                0x0000000008001cd4        0xc ./Core/Src/stm32h7xx_it.o
                0x0000000008001cd4                SysTick_Handler
 .text.SystemInit
                0x0000000008001ce0      0x118 ./Core/Src/system_stm32h7xx.o
                0x0000000008001ce0                SystemInit
 .text.Reset_Handler
                0x0000000008001df8       0x50 ./Core/Startup/startup_stm32h743vitx.o
                0x0000000008001df8                Reset_Handler
 .text.Default_Handler
                0x0000000008001e48        0x2 ./Core/Startup/startup_stm32h743vitx.o
                0x0000000008001e48                RTC_Alarm_IRQHandler
                0x0000000008001e48                EXTI2_IRQHandler
                0x0000000008001e48                TIM8_CC_IRQHandler
                0x0000000008001e48                HRTIM1_Master_IRQHandler
                0x0000000008001e48                UART8_IRQHandler
                0x0000000008001e48                SPI4_IRQHandler
                0x0000000008001e48                TIM1_CC_IRQHandler
                0x0000000008001e48                BDMA_Channel6_IRQHandler
                0x0000000008001e48                DMA2_Stream5_IRQHandler
                0x0000000008001e48                HRTIM1_FLT_IRQHandler
                0x0000000008001e48                JPEG_IRQHandler
                0x0000000008001e48                DMA1_Stream5_IRQHandler
                0x0000000008001e48                BDMA_Channel1_IRQHandler
                0x0000000008001e48                HRTIM1_TIMD_IRQHandler
                0x0000000008001e48                TAMP_STAMP_IRQHandler
                0x0000000008001e48                EXTI3_IRQHandler
                0x0000000008001e48                LPTIM4_IRQHandler
                0x0000000008001e48                TIM8_TRG_COM_TIM14_IRQHandler
                0x0000000008001e48                LPTIM2_IRQHandler
                0x0000000008001e48                DFSDM1_FLT1_IRQHandler
                0x0000000008001e48                DMAMUX2_OVR_IRQHandler
                0x0000000008001e48                TIM8_UP_TIM13_IRQHandler
                0x0000000008001e48                I2C3_ER_IRQHandler
                0x0000000008001e48                DFSDM1_FLT2_IRQHandler
                0x0000000008001e48                MDMA_IRQHandler
                0x0000000008001e48                LPTIM3_IRQHandler
                0x0000000008001e48                HSEM1_IRQHandler
                0x0000000008001e48                EXTI0_IRQHandler
                0x0000000008001e48                I2C2_EV_IRQHandler
                0x0000000008001e48                DMA1_Stream2_IRQHandler
                0x0000000008001e48                FPU_IRQHandler
                0x0000000008001e48                OTG_HS_WKUP_IRQHandler
                0x0000000008001e48                FDCAN1_IT1_IRQHandler
                0x0000000008001e48                LTDC_ER_IRQHandler
                0x0000000008001e48                DMA2_Stream2_IRQHandler
                0x0000000008001e48                HRTIM1_TIME_IRQHandler
                0x0000000008001e48                SPI1_IRQHandler
                0x0000000008001e48                TIM6_DAC_IRQHandler
                0x0000000008001e48                DCMI_IRQHandler
                0x0000000008001e48                HRTIM1_TIMC_IRQHandler
                0x0000000008001e48                DMA2_Stream3_IRQHandler
                0x0000000008001e48                SAI2_IRQHandler
                0x0000000008001e48                DFSDM1_FLT3_IRQHandler
                0x0000000008001e48                USART6_IRQHandler
                0x0000000008001e48                TIM17_IRQHandler
                0x0000000008001e48                USART3_IRQHandler
                0x0000000008001e48                BDMA_Channel7_IRQHandler
                0x0000000008001e48                LPTIM5_IRQHandler
                0x0000000008001e48                UART5_IRQHandler
                0x0000000008001e48                ADC3_IRQHandler
                0x0000000008001e48                DMA2_Stream0_IRQHandler
                0x0000000008001e48                TIM4_IRQHandler
                0x0000000008001e48                BDMA_Channel2_IRQHandler
                0x0000000008001e48                QUADSPI_IRQHandler
                0x0000000008001e48                I2C1_EV_IRQHandler
                0x0000000008001e48                DMA1_Stream6_IRQHandler
                0x0000000008001e48                DMAMUX1_OVR_IRQHandler
                0x0000000008001e48                DMA1_Stream1_IRQHandler
                0x0000000008001e48                TIM16_IRQHandler
                0x0000000008001e48                UART4_IRQHandler
                0x0000000008001e48                BDMA_Channel5_IRQHandler
                0x0000000008001e48                TIM3_IRQHandler
                0x0000000008001e48                RCC_IRQHandler
                0x0000000008001e48                TIM8_BRK_TIM12_IRQHandler
                0x0000000008001e48                TIM1_TRG_COM_IRQHandler
                0x0000000008001e48                Default_Handler
                0x0000000008001e48                ECC_IRQHandler
                0x0000000008001e48                CEC_IRQHandler
                0x0000000008001e48                EXTI15_10_IRQHandler
                0x0000000008001e48                BDMA_Channel0_IRQHandler
                0x0000000008001e48                ADC_IRQHandler
                0x0000000008001e48                DMA1_Stream7_IRQHandler
                0x0000000008001e48                HRTIM1_TIMA_IRQHandler
                0x0000000008001e48                SPI5_IRQHandler
                0x0000000008001e48                TIM7_IRQHandler
                0x0000000008001e48                SDMMC1_IRQHandler
                0x0000000008001e48                TIM5_IRQHandler
                0x0000000008001e48                DMA2_Stream7_IRQHandler
                0x0000000008001e48                TIM15_IRQHandler
                0x0000000008001e48                PVD_AVD_IRQHandler
                0x0000000008001e48                I2C3_EV_IRQHandler
                0x0000000008001e48                EXTI9_5_IRQHandler
                0x0000000008001e48                RTC_WKUP_IRQHandler
                0x0000000008001e48                LTDC_IRQHandler
                0x0000000008001e48                SAI3_IRQHandler
                0x0000000008001e48                ETH_WKUP_IRQHandler
                0x0000000008001e48                SPDIF_RX_IRQHandler
                0x0000000008001e48                SPI2_IRQHandler
                0x0000000008001e48                OTG_HS_EP1_IN_IRQHandler
                0x0000000008001e48                DMA1_Stream0_IRQHandler
                0x0000000008001e48                CRS_IRQHandler
                0x0000000008001e48                EXTI4_IRQHandler
                0x0000000008001e48                RNG_IRQHandler
                0x0000000008001e48                HRTIM1_TIMB_IRQHandler
                0x0000000008001e48                FDCAN2_IT1_IRQHandler
                0x0000000008001e48                ETH_IRQHandler
                0x0000000008001e48                TIM1_UP_IRQHandler
                0x0000000008001e48                BDMA_Channel4_IRQHandler
                0x0000000008001e48                OTG_HS_EP1_OUT_IRQHandler
                0x0000000008001e48                WWDG_IRQHandler
                0x0000000008001e48                SPI6_IRQHandler
                0x0000000008001e48                MDIOS_IRQHandler
                0x0000000008001e48                I2C4_EV_IRQHandler
                0x0000000008001e48                FDCAN2_IT0_IRQHandler
                0x0000000008001e48                LPUART1_IRQHandler
                0x0000000008001e48                FDCAN1_IT0_IRQHandler
                0x0000000008001e48                TIM2_IRQHandler
                0x0000000008001e48                OTG_FS_WKUP_IRQHandler
                0x0000000008001e48                OTG_HS_IRQHandler
                0x0000000008001e48                DMA2D_IRQHandler
                0x0000000008001e48                TIM1_BRK_IRQHandler
                0x0000000008001e48                EXTI1_IRQHandler
                0x0000000008001e48                SDMMC2_IRQHandler
                0x0000000008001e48                OTG_FS_EP1_OUT_IRQHandler
                0x0000000008001e48                BDMA_Channel3_IRQHandler
                0x0000000008001e48                UART7_IRQHandler
                0x0000000008001e48                MDIOS_WKUP_IRQHandler
                0x0000000008001e48                USART2_IRQHandler
                0x0000000008001e48                DFSDM1_FLT0_IRQHandler
                0x0000000008001e48                SAI4_IRQHandler
                0x0000000008001e48                I2C2_ER_IRQHandler
                0x0000000008001e48                DMA2_Stream1_IRQHandler
                0x0000000008001e48                FLASH_IRQHandler
                0x0000000008001e48                DMA2_Stream4_IRQHandler
                0x0000000008001e48                USART1_IRQHandler
                0x0000000008001e48                OTG_FS_IRQHandler
                0x0000000008001e48                SPI3_IRQHandler
                0x0000000008001e48                WAKEUP_PIN_IRQHandler
                0x0000000008001e48                DMA1_Stream4_IRQHandler
                0x0000000008001e48                OTG_FS_EP1_IN_IRQHandler
                0x0000000008001e48                I2C1_ER_IRQHandler
                0x0000000008001e48                FMC_IRQHandler
                0x0000000008001e48                FDCAN_CAL_IRQHandler
                0x0000000008001e48                SWPMI1_IRQHandler
                0x0000000008001e48                COMP1_IRQHandler
                0x0000000008001e48                LPTIM1_IRQHandler
                0x0000000008001e48                I2C4_ER_IRQHandler
                0x0000000008001e48                DMA2_Stream6_IRQHandler
                0x0000000008001e48                SAI1_IRQHandler
                0x0000000008001e48                DMA1_Stream3_IRQHandler
 *fill*         0x0000000008001e4a        0x2 
 .text.HAL_Init
                0x0000000008001e4c       0x78 ./Drivers/STM32H7xx_HAL_Driver/Src/stm32h7xx_hal.o
                0x0000000008001e4c                HAL_Init
 .text.HAL_InitTick
                0x0000000008001ec4       0x6c ./Drivers/STM32H7xx_HAL_Driver/Src/stm32h7xx_hal.o
                0x0000000008001ec4                HAL_InitTick
 .text.HAL_IncTick
                0x0000000008001f30       0x28 ./Drivers/STM32H7xx_HAL_Driver/Src/stm32h7xx_hal.o
                0x0000000008001f30                HAL_IncTick
 .text.HAL_GetTick
                0x0000000008001f58       0x18 ./Drivers/STM32H7xx_HAL_Driver/Src/stm32h7xx_hal.o
                0x0000000008001f58                HAL_GetTick
 .text.HAL_Delay
                0x0000000008001f70       0x48 ./Drivers/STM32H7xx_HAL_Driver/Src/stm32h7xx_hal.o
                0x0000000008001f70                HAL_Delay
 .text.HAL_GetREVID
                0x0000000008001fb8       0x18 ./Drivers/STM32H7xx_HAL_Driver/Src/stm32h7xx_hal.o
                0x0000000008001fb8                HAL_GetREVID
 .text.__NVIC_SetPriorityGrouping
                0x0000000008001fd0       0x48 ./Drivers/STM32H7xx_HAL_Driver/Src/stm32h7xx_hal_cortex.o
 .text.__NVIC_GetPriorityGrouping
                0x0000000008002018       0x1c ./Drivers/STM32H7xx_HAL_Driver/Src/stm32h7xx_hal_cortex.o
 .text.__NVIC_SetPriority
                0x0000000008002034       0x54 ./Drivers/STM32H7xx_HAL_Driver/Src/stm32h7xx_hal_cortex.o
 .text.NVIC_EncodePriority
                0x0000000008002088       0x66 ./Drivers/STM32H7xx_HAL_Driver/Src/stm32h7xx_hal_cortex.o
 *fill*         0x00000000080020ee        0x2 
 .text.SysTick_Config
                0x00000000080020f0       0x44 ./Drivers/STM32H7xx_HAL_Driver/Src/stm32h7xx_hal_cortex.o
 .text.HAL_NVIC_SetPriorityGrouping
                0x0000000008002134       0x16 ./Drivers/STM32H7xx_HAL_Driver/Src/stm32h7xx_hal_cortex.o
                0x0000000008002134                HAL_NVIC_SetPriorityGrouping
 .text.HAL_NVIC_SetPriority
                0x000000000800214a       0x34 ./Drivers/STM32H7xx_HAL_Driver/Src/stm32h7xx_hal_cortex.o
                0x000000000800214a                HAL_NVIC_SetPriority
 .text.HAL_SYSTICK_Config
                0x000000000800217e       0x18 ./Drivers/STM32H7xx_HAL_Driver/Src/stm32h7xx_hal_cortex.o
                0x000000000800217e                HAL_SYSTICK_Config
 *fill*         0x0000000008002196        0x2 
 .text.HAL_GPIO_Init
                0x0000000008002198      0x360 ./Drivers/STM32H7xx_HAL_Driver/Src/stm32h7xx_hal_gpio.o
                0x0000000008002198                HAL_GPIO_Init
 .text.HAL_GPIO_ReadPin
                0x00000000080024f8       0x30 ./Drivers/STM32H7xx_HAL_Driver/Src/stm32h7xx_hal_gpio.o
                0x00000000080024f8                HAL_GPIO_ReadPin
 .text.HAL_PWREx_ConfigSupply
                0x0000000008002528       0x74 ./Drivers/STM32H7xx_HAL_Driver/Src/stm32h7xx_hal_pwr_ex.o
                0x0000000008002528                HAL_PWREx_ConfigSupply
 .text.HAL_RCC_OscConfig
                0x000000000800259c      0x858 ./Drivers/STM32H7xx_HAL_Driver/Src/stm32h7xx_hal_rcc.o
                0x000000000800259c                HAL_RCC_OscConfig
 .text.HAL_RCC_ClockConfig
                0x0000000008002df4      0x36c ./Drivers/STM32H7xx_HAL_Driver/Src/stm32h7xx_hal_rcc.o
                0x0000000008002df4                HAL_RCC_ClockConfig
 .text.HAL_RCC_GetSysClockFreq
                0x0000000008003160      0x2f4 ./Drivers/STM32H7xx_HAL_Driver/Src/stm32h7xx_hal_rcc.o
                0x0000000008003160                HAL_RCC_GetSysClockFreq
 .text.HAL_RCC_GetHCLKFreq
                0x0000000008003454       0x60 ./Drivers/STM32H7xx_HAL_Driver/Src/stm32h7xx_hal_rcc.o
                0x0000000008003454                HAL_RCC_GetHCLKFreq
 .text.HAL_RCC_GetPCLK1Freq
                0x00000000080034b4       0x2c ./Drivers/STM32H7xx_HAL_Driver/Src/stm32h7xx_hal_rcc.o
                0x00000000080034b4                HAL_RCC_GetPCLK1Freq
 .text.HAL_RCC_GetPCLK2Freq
                0x00000000080034e0       0x2c ./Drivers/STM32H7xx_HAL_Driver/Src/stm32h7xx_hal_rcc.o
                0x00000000080034e0                HAL_RCC_GetPCLK2Freq
 .text.HAL_RCCEx_PeriphCLKConfig
                0x000000000800350c      0xe80 ./Drivers/STM32H7xx_HAL_Driver/Src/stm32h7xx_hal_rcc_ex.o
                0x000000000800350c                HAL_RCCEx_PeriphCLKConfig
 .text.HAL_RCCEx_GetD3PCLK1Freq
                0x000000000800438c       0x2c ./Drivers/STM32H7xx_HAL_Driver/Src/stm32h7xx_hal_rcc_ex.o
                0x000000000800438c                HAL_RCCEx_GetD3PCLK1Freq
 .text.HAL_RCCEx_GetPLL2ClockFreq
                0x00000000080043b8      0x2a8 ./Drivers/STM32H7xx_HAL_Driver/Src/stm32h7xx_hal_rcc_ex.o
                0x00000000080043b8                HAL_RCCEx_GetPLL2ClockFreq
 .text.HAL_RCCEx_GetPLL3ClockFreq
                0x0000000008004660      0x2a8 ./Drivers/STM32H7xx_HAL_Driver/Src/stm32h7xx_hal_rcc_ex.o
                0x0000000008004660                HAL_RCCEx_GetPLL3ClockFreq
 .text.RCCEx_PLL2_Config
                0x0000000008004908      0x164 ./Drivers/STM32H7xx_HAL_Driver/Src/stm32h7xx_hal_rcc_ex.o
 .text.RCCEx_PLL3_Config
                0x0000000008004a6c      0x164 ./Drivers/STM32H7xx_HAL_Driver/Src/stm32h7xx_hal_rcc_ex.o
 .text.HAL_TIM_Base_Init
                0x0000000008004bd0       0xae ./Drivers/STM32H7xx_HAL_Driver/Src/stm32h7xx_hal_tim.o
                0x0000000008004bd0                HAL_TIM_Base_Init
 .text.HAL_TIM_PWM_Init
                0x0000000008004c7e       0xae ./Drivers/STM32H7xx_HAL_Driver/Src/stm32h7xx_hal_tim.o
                0x0000000008004c7e                HAL_TIM_PWM_Init
 .text.HAL_TIM_PWM_MspInit
                0x0000000008004d2c       0x14 ./Drivers/STM32H7xx_HAL_Driver/Src/stm32h7xx_hal_tim.o
                0x0000000008004d2c                HAL_TIM_PWM_MspInit
 .text.HAL_TIM_PWM_Start
                0x0000000008004d40      0x21c ./Drivers/STM32H7xx_HAL_Driver/Src/stm32h7xx_hal_tim.o
                0x0000000008004d40                HAL_TIM_PWM_Start
 .text.HAL_TIM_PWM_ConfigChannel
                0x0000000008004f5c      0x228 ./Drivers/STM32H7xx_HAL_Driver/Src/stm32h7xx_hal_tim.o
                0x0000000008004f5c                HAL_TIM_PWM_ConfigChannel
 .text.HAL_TIM_ConfigClockSource
                0x0000000008005184      0x1f0 ./Drivers/STM32H7xx_HAL_Driver/Src/stm32h7xx_hal_tim.o
                0x0000000008005184                HAL_TIM_ConfigClockSource
 .text.TIM_Base_SetConfig
                0x0000000008005374      0x134 ./Drivers/STM32H7xx_HAL_Driver/Src/stm32h7xx_hal_tim.o
                0x0000000008005374                TIM_Base_SetConfig
 .text.TIM_OC1_SetConfig
                0x00000000080054a8      0x120 ./Drivers/STM32H7xx_HAL_Driver/Src/stm32h7xx_hal_tim.o
 .text.TIM_OC2_SetConfig
                0x00000000080055c8      0x114 ./Drivers/STM32H7xx_HAL_Driver/Src/stm32h7xx_hal_tim.o
                0x00000000080055c8                TIM_OC2_SetConfig
 .text.TIM_OC3_SetConfig
                0x00000000080056dc      0x110 ./Drivers/STM32H7xx_HAL_Driver/Src/stm32h7xx_hal_tim.o
 .text.TIM_OC4_SetConfig
                0x00000000080057ec       0xd4 ./Drivers/STM32H7xx_HAL_Driver/Src/stm32h7xx_hal_tim.o
 .text.TIM_OC5_SetConfig
                0x00000000080058c0       0xc8 ./Drivers/STM32H7xx_HAL_Driver/Src/stm32h7xx_hal_tim.o
 .text.TIM_OC6_SetConfig
                0x0000000008005988       0xcc ./Drivers/STM32H7xx_HAL_Driver/Src/stm32h7xx_hal_tim.o
 .text.TIM_TI1_ConfigInputStage
                0x0000000008005a54       0x5e ./Drivers/STM32H7xx_HAL_Driver/Src/stm32h7xx_hal_tim.o
 .text.TIM_TI2_ConfigInputStage
                0x0000000008005ab2       0x60 ./Drivers/STM32H7xx_HAL_Driver/Src/stm32h7xx_hal_tim.o
 *fill*         0x0000000008005b12        0x2 
 .text.TIM_ITRx_SetConfig
                0x0000000008005b14       0x3c ./Drivers/STM32H7xx_HAL_Driver/Src/stm32h7xx_hal_tim.o
 .text.TIM_ETR_SetConfig
                0x0000000008005b50       0x40 ./Drivers/STM32H7xx_HAL_Driver/Src/stm32h7xx_hal_tim.o
                0x0000000008005b50                TIM_ETR_SetConfig
 .text.TIM_CCxChannelCmd
                0x0000000008005b90       0x4a ./Drivers/STM32H7xx_HAL_Driver/Src/stm32h7xx_hal_tim.o
                0x0000000008005b90                TIM_CCxChannelCmd
 *fill*         0x0000000008005bda        0x2 
 .text.HAL_TIMEx_MasterConfigSynchronization
                0x0000000008005bdc      0x11c ./Drivers/STM32H7xx_HAL_Driver/Src/stm32h7xx_hal_tim_ex.o
                0x0000000008005bdc                HAL_TIMEx_MasterConfigSynchronization
 .text.HAL_TIMEx_ConfigBreakDeadTime
                0x0000000008005cf8       0xfc ./Drivers/STM32H7xx_HAL_Driver/Src/stm32h7xx_hal_tim_ex.o
                0x0000000008005cf8                HAL_TIMEx_ConfigBreakDeadTime
 .text.HAL_UART_Init
                0x0000000008005df4       0xa0 ./Drivers/STM32H7xx_HAL_Driver/Src/stm32h7xx_hal_uart.o
                0x0000000008005df4                HAL_UART_Init
 .text.HAL_UART_Transmit
                0x0000000008005e94      0x12c ./Drivers/STM32H7xx_HAL_Driver/Src/stm32h7xx_hal_uart.o
                0x0000000008005e94                HAL_UART_Transmit
 .text.HAL_UART_Receive
                0x0000000008005fc0      0x1a6 ./Drivers/STM32H7xx_HAL_Driver/Src/stm32h7xx_hal_uart.o
                0x0000000008005fc0                HAL_UART_Receive
 *fill*         0x0000000008006166        0x2 
 .text.UART_SetConfig
                0x0000000008006168      0xac0 ./Drivers/STM32H7xx_HAL_Driver/Src/stm32h7xx_hal_uart.o
                0x0000000008006168                UART_SetConfig
 .text.UART_AdvFeatureConfig
                0x0000000008006c28      0x144 ./Drivers/STM32H7xx_HAL_Driver/Src/stm32h7xx_hal_uart.o
                0x0000000008006c28                UART_AdvFeatureConfig
 .text.UART_CheckIdleState
                0x0000000008006d6c       0x96 ./Drivers/STM32H7xx_HAL_Driver/Src/stm32h7xx_hal_uart.o
                0x0000000008006d6c                UART_CheckIdleState
 .text.UART_WaitOnFlagUntilTimeout
                0x0000000008006e02      0x190 ./Drivers/STM32H7xx_HAL_Driver/Src/stm32h7xx_hal_uart.o
                0x0000000008006e02                UART_WaitOnFlagUntilTimeout
 .text.HAL_UARTEx_DisableFifoMode
                0x0000000008006f92       0x72 ./Drivers/STM32H7xx_HAL_Driver/Src/stm32h7xx_hal_uart_ex.o
                0x0000000008006f92                HAL_UARTEx_DisableFifoMode
 .text.HAL_UARTEx_SetTxFifoThreshold
                0x0000000008007004       0x7c ./Drivers/STM32H7xx_HAL_Driver/Src/stm32h7xx_hal_uart_ex.o
                0x0000000008007004                HAL_UARTEx_SetTxFifoThreshold
 .text.HAL_UARTEx_SetRxFifoThreshold
                0x0000000008007080       0x7c ./Drivers/STM32H7xx_HAL_Driver/Src/stm32h7xx_hal_uart_ex.o
                0x0000000008007080                HAL_UARTEx_SetRxFifoThreshold
 .text.UARTEx_SetNbDataToProcess
                0x00000000080070fc       0x9c ./Drivers/STM32H7xx_HAL_Driver/Src/stm32h7xx_hal_uart_ex.o
 .text.__libc_init_array
                0x0000000008007198       0x48 d:/stm32cube_ide/stm32cubeide_1.8.0/stm32cubeide/plugins/com.st.stm32cube.ide.mcu.externaltools.gnu-tools-for-stm32.9-2020-q2-update.win32_2.0.0.202105311346/tools/bin/../lib/gcc/arm-none-eabi/9.3.1/../../../../arm-none-eabi/lib/thumb/v7e-m+dp/hard\libc_nano.a(lib_a-init.o)
                0x0000000008007198                __libc_init_array
 .text.memset   0x00000000080071e0       0x10 d:/stm32cube_ide/stm32cubeide_1.8.0/stm32cubeide/plugins/com.st.stm32cube.ide.mcu.externaltools.gnu-tools-for-stm32.9-2020-q2-update.win32_2.0.0.202105311346/tools/bin/../lib/gcc/arm-none-eabi/9.3.1/../../../../arm-none-eabi/lib/thumb/v7e-m+dp/hard\libc_nano.a(lib_a-memset.o)
                0x00000000080071e0                memset
 *(.glue_7)
 .glue_7        0x00000000080071f0        0x0 linker stubs
 *(.glue_7t)
 .glue_7t       0x00000000080071f0        0x0 linker stubs
 *(.eh_frame)
 .eh_frame      0x00000000080071f0        0x0 d:/stm32cube_ide/stm32cubeide_1.8.0/stm32cubeide/plugins/com.st.stm32cube.ide.mcu.externaltools.gnu-tools-for-stm32.9-2020-q2-update.win32_2.0.0.202105311346/tools/bin/../lib/gcc/arm-none-eabi/9.3.1/thumb/v7e-m+dp/hard/crtbegin.o
 *(.init)
 .init          0x00000000080071f0        0x4 d:/stm32cube_ide/stm32cubeide_1.8.0/stm32cubeide/plugins/com.st.stm32cube.ide.mcu.externaltools.gnu-tools-for-stm32.9-2020-q2-update.win32_2.0.0.202105311346/tools/bin/../lib/gcc/arm-none-eabi/9.3.1/thumb/v7e-m+dp/hard/crti.o
                0x00000000080071f0                _init
 .init          0x00000000080071f4        0x8 d:/stm32cube_ide/stm32cubeide_1.8.0/stm32cubeide/plugins/com.st.stm32cube.ide.mcu.externaltools.gnu-tools-for-stm32.9-2020-q2-update.win32_2.0.0.202105311346/tools/bin/../lib/gcc/arm-none-eabi/9.3.1/thumb/v7e-m+dp/hard/crtn.o
 *(.fini)
 .fini          0x00000000080071fc        0x4 d:/stm32cube_ide/stm32cubeide_1.8.0/stm32cubeide/plugins/com.st.stm32cube.ide.mcu.externaltools.gnu-tools-for-stm32.9-2020-q2-update.win32_2.0.0.202105311346/tools/bin/../lib/gcc/arm-none-eabi/9.3.1/thumb/v7e-m+dp/hard/crti.o
                0x00000000080071fc                _fini
 .fini          0x0000000008007200        0x8 d:/stm32cube_ide/stm32cubeide_1.8.0/stm32cubeide/plugins/com.st.stm32cube.ide.mcu.externaltools.gnu-tools-for-stm32.9-2020-q2-update.win32_2.0.0.202105311346/tools/bin/../lib/gcc/arm-none-eabi/9.3.1/thumb/v7e-m+dp/hard/crtn.o
                0x0000000008007208                . = ALIGN (0x4)
                0x0000000008007208                _etext = .

.vfp11_veneer   0x0000000008007208        0x0
 .vfp11_veneer  0x0000000008007208        0x0 linker stubs

.v4_bx          0x0000000008007208        0x0
 .v4_bx         0x0000000008007208        0x0 linker stubs

.iplt           0x0000000008007208        0x0
 .iplt          0x0000000008007208        0x0 d:/stm32cube_ide/stm32cubeide_1.8.0/stm32cubeide/plugins/com.st.stm32cube.ide.mcu.externaltools.gnu-tools-for-stm32.9-2020-q2-update.win32_2.0.0.202105311346/tools/bin/../lib/gcc/arm-none-eabi/9.3.1/thumb/v7e-m+dp/hard/crtbegin.o

.rodata         0x0000000008007208       0x38
                0x0000000008007208                . = ALIGN (0x4)
 *(.rodata)
 *(.rodata*)
 .rodata.D1CorePrescTable
                0x0000000008007208       0x10 ./Core/Src/system_stm32h7xx.o
                0x0000000008007208                D1CorePrescTable
 .rodata.UARTPrescTable
                0x0000000008007218       0x18 ./Drivers/STM32H7xx_HAL_Driver/Src/stm32h7xx_hal_uart.o
                0x0000000008007218                UARTPrescTable
 .rodata.numerator.10983
                0x0000000008007230        0x8 ./Drivers/STM32H7xx_HAL_Driver/Src/stm32h7xx_hal_uart_ex.o
 .rodata.denominator.10984
                0x0000000008007238        0x8 ./Drivers/STM32H7xx_HAL_Driver/Src/stm32h7xx_hal_uart_ex.o
                0x0000000008007240                . = ALIGN (0x4)

.ARM.extab      0x0000000008007240        0x0
                0x0000000008007240                . = ALIGN (0x4)
 *(.ARM.extab* .gnu.linkonce.armextab.*)
                0x0000000008007240                . = ALIGN (0x4)

.ARM            0x0000000008007240        0x8
                0x0000000008007240                . = ALIGN (0x4)
                0x0000000008007240                __exidx_start = .
 *(.ARM.exidx*)
 .ARM.exidx     0x0000000008007240        0x8 d:/stm32cube_ide/stm32cubeide_1.8.0/stm32cubeide/plugins/com.st.stm32cube.ide.mcu.externaltools.gnu-tools-for-stm32.9-2020-q2-update.win32_2.0.0.202105311346/tools/bin/../lib/gcc/arm-none-eabi/9.3.1/thumb/v7e-m+dp/hard\libgcc.a(_udivmoddi4.o)
                0x0000000008007248                __exidx_end = .
                0x0000000008007248                . = ALIGN (0x4)

.rel.dyn        0x0000000008007248        0x0
 .rel.iplt      0x0000000008007248        0x0 d:/stm32cube_ide/stm32cubeide_1.8.0/stm32cubeide/plugins/com.st.stm32cube.ide.mcu.externaltools.gnu-tools-for-stm32.9-2020-q2-update.win32_2.0.0.202105311346/tools/bin/../lib/gcc/arm-none-eabi/9.3.1/thumb/v7e-m+dp/hard/crtbegin.o

.preinit_array  0x0000000008007248        0x0
                0x0000000008007248                . = ALIGN (0x4)
                0x0000000008007248                PROVIDE (__preinit_array_start = .)
 *(.preinit_array*)
                0x0000000008007248                PROVIDE (__preinit_array_end = .)
                0x0000000008007248                . = ALIGN (0x4)

.init_array     0x0000000008007248        0x4
                0x0000000008007248                . = ALIGN (0x4)
                0x0000000008007248                PROVIDE (__init_array_start = .)
 *(SORT_BY_NAME(.init_array.*))
 *(.init_array*)
 .init_array    0x0000000008007248        0x4 d:/stm32cube_ide/stm32cubeide_1.8.0/stm32cubeide/plugins/com.st.stm32cube.ide.mcu.externaltools.gnu-tools-for-stm32.9-2020-q2-update.win32_2.0.0.202105311346/tools/bin/../lib/gcc/arm-none-eabi/9.3.1/thumb/v7e-m+dp/hard/crtbegin.o
                0x000000000800724c                PROVIDE (__init_array_end = .)
                0x000000000800724c                . = ALIGN (0x4)

.fini_array     0x000000000800724c        0x4
                0x000000000800724c                . = ALIGN (0x4)
                [!provide]                        PROVIDE (__fini_array_start = .)
 *(SORT_BY_NAME(.fini_array.*))
 *(.fini_array*)
 .fini_array    0x000000000800724c        0x4 d:/stm32cube_ide/stm32cubeide_1.8.0/stm32cubeide/plugins/com.st.stm32cube.ide.mcu.externaltools.gnu-tools-for-stm32.9-2020-q2-update.win32_2.0.0.202105311346/tools/bin/../lib/gcc/arm-none-eabi/9.3.1/thumb/v7e-m+dp/hard/crtbegin.o
                [!provide]                        PROVIDE (__fini_array_end = .)
                0x0000000008007250                . = ALIGN (0x4)
                0x0000000008007250                _sidata = LOADADDR (.data)

.data           0x0000000024000000       0x38 load address 0x0000000008007250
                0x0000000024000000                . = ALIGN (0x4)
                0x0000000024000000                _sdata = .
 *(.data)
 *(.data*)
 .data.A0       0x0000000024000000        0x5 ./Core/Src/main.o
                0x0000000024000000                A0
 *fill*         0x0000000024000005        0x3 
 .data.A3       0x0000000024000008        0x5 ./Core/Src/main.o
                0x0000000024000008                A3
 *fill*         0x000000002400000d        0x3 
 .data.A4       0x0000000024000010        0x5 ./Core/Src/main.o
                0x0000000024000010                A4
 *fill*         0x0000000024000015        0x3 
 .data.Xflag    0x0000000024000018        0x4 ./Core/Src/main.o
                0x0000000024000018                Xflag
 .data.Yflag    0x000000002400001c        0x4 ./Core/Src/main.o
                0x000000002400001c                Yflag
 .data.Zflag    0x0000000024000020        0x4 ./Core/Src/main.o
                0x0000000024000020                Zflag
 .data.turnflag
                0x0000000024000024        0x4 ./Core/Src/main.o
                0x0000000024000024                turnflag
 .data.SystemCoreClock
                0x0000000024000028        0x4 ./Core/Src/system_stm32h7xx.o
                0x0000000024000028                SystemCoreClock
 .data.SystemD2Clock
                0x000000002400002c        0x4 ./Core/Src/system_stm32h7xx.o
                0x000000002400002c                SystemD2Clock
 .data.uwTickPrio
                0x0000000024000030        0x4 ./Drivers/STM32H7xx_HAL_Driver/Src/stm32h7xx_hal.o
                0x0000000024000030                uwTickPrio
 .data.uwTickFreq
                0x0000000024000034        0x1 ./Drivers/STM32H7xx_HAL_Driver/Src/stm32h7xx_hal.o
                0x0000000024000034                uwTickFreq
 *(.RamFunc)
 *(.RamFunc*)
                0x0000000024000038                . = ALIGN (0x4)
 *fill*         0x0000000024000035        0x3 
                0x0000000024000038                _edata = .

.igot.plt       0x0000000024000038        0x0 load address 0x0000000008007288
 .igot.plt      0x0000000024000038        0x0 d:/stm32cube_ide/stm32cubeide_1.8.0/stm32cubeide/plugins/com.st.stm32cube.ide.mcu.externaltools.gnu-tools-for-stm32.9-2020-q2-update.win32_2.0.0.202105311346/tools/bin/../lib/gcc/arm-none-eabi/9.3.1/thumb/v7e-m+dp/hard/crtbegin.o
                0x0000000024000038                . = ALIGN (0x4)

.bss            0x0000000024000038      0x290 load address 0x0000000008007288
                0x0000000024000038                _sbss = .
                0x0000000024000038                __bss_start__ = _sbss
 *(.bss)
 .bss           0x0000000024000038       0x1c d:/stm32cube_ide/stm32cubeide_1.8.0/stm32cubeide/plugins/com.st.stm32cube.ide.mcu.externaltools.gnu-tools-for-stm32.9-2020-q2-update.win32_2.0.0.202105311346/tools/bin/../lib/gcc/arm-none-eabi/9.3.1/thumb/v7e-m+dp/hard/crtbegin.o
 *(.bss*)
 .bss.step      0x0000000024000054        0x4 ./Core/Src/main.o
                0x0000000024000054                step
 .bss.X         0x0000000024000058        0x4 ./Core/Src/main.o
                0x0000000024000058                X
 .bss.Y         0x000000002400005c        0x4 ./Core/Src/main.o
                0x000000002400005c                Y
 .bss.Z         0x0000000024000060        0x4 ./Core/Src/main.o
                0x0000000024000060                Z
 .bss.turn      0x0000000024000064        0x4 ./Core/Src/main.o
                0x0000000024000064                turn
 .bss.arm       0x0000000024000068        0x4 ./Core/Src/main.o
                0x0000000024000068                arm
 .bss.rx2       0x000000002400006c        0x1 ./Core/Src/main.o
                0x000000002400006c                rx2
 *(COMMON)
 *fill*         0x000000002400006d        0x3 
 COMMON         0x0000000024000070      0x254 ./Core/Src/main.o
                0x0000000024000070                htim8
                0x00000000240000bc                huart3
                0x000000002400014c                YY
                0x0000000024000158                huart1
                0x00000000240001e8                htim1
                0x0000000024000234                huart2
 COMMON         0x00000000240002c4        0x4 ./Drivers/STM32H7xx_HAL_Driver/Src/stm32h7xx_hal.o
                0x00000000240002c4                uwTick
                0x00000000240002c8                . = ALIGN (0x4)
                0x00000000240002c8                _ebss = .
                0x00000000240002c8                __bss_end__ = _ebss

._user_heap_stack
                0x00000000240002c8      0x600 load address 0x0000000008007288
                0x00000000240002c8                . = ALIGN (0x8)
                [!provide]                        PROVIDE (end = .)
                0x00000000240002c8                PROVIDE (_end = .)
                0x00000000240004c8                . = (. + _Min_Heap_Size)
 *fill*         0x00000000240002c8      0x200 
                0x00000000240008c8                . = (. + _Min_Stack_Size)
 *fill*         0x00000000240004c8      0x400 
                0x00000000240008c8                . = ALIGN (0x8)

/DISCARD/
 libc.a(*)
 libm.a(*)
 libgcc.a(*)

.ARM.attributes
                0x0000000000000000       0x2e
 *(.ARM.attributes)
 .ARM.attributes
                0x0000000000000000       0x1e d:/stm32cube_ide/stm32cubeide_1.8.0/stm32cubeide/plugins/com.st.stm32cube.ide.mcu.externaltools.gnu-tools-for-stm32.9-2020-q2-update.win32_2.0.0.202105311346/tools/bin/../lib/gcc/arm-none-eabi/9.3.1/thumb/v7e-m+dp/hard/crti.o
 .ARM.attributes
                0x000000000000001e       0x32 d:/stm32cube_ide/stm32cubeide_1.8.0/stm32cubeide/plugins/com.st.stm32cube.ide.mcu.externaltools.gnu-tools-for-stm32.9-2020-q2-update.win32_2.0.0.202105311346/tools/bin/../lib/gcc/arm-none-eabi/9.3.1/thumb/v7e-m+dp/hard/crtbegin.o
 .ARM.attributes
                0x0000000000000050       0x32 ./Core/Src/main.o
 .ARM.attributes
                0x0000000000000082       0x32 ./Core/Src/stm32h7xx_hal_msp.o
 .ARM.attributes
                0x00000000000000b4       0x32 ./Core/Src/stm32h7xx_it.o
 .ARM.attributes
                0x00000000000000e6       0x32 ./Core/Src/system_stm32h7xx.o
 .ARM.attributes
                0x0000000000000118       0x21 ./Core/Startup/startup_stm32h743vitx.o
 .ARM.attributes
                0x0000000000000139       0x32 ./Drivers/STM32H7xx_HAL_Driver/Src/stm32h7xx_hal.o
 .ARM.attributes
                0x000000000000016b       0x32 ./Drivers/STM32H7xx_HAL_Driver/Src/stm32h7xx_hal_cortex.o
 .ARM.attributes
                0x000000000000019d       0x32 ./Drivers/STM32H7xx_HAL_Driver/Src/stm32h7xx_hal_gpio.o
 .ARM.attributes
                0x00000000000001cf       0x32 ./Drivers/STM32H7xx_HAL_Driver/Src/stm32h7xx_hal_pwr_ex.o
 .ARM.attributes
                0x0000000000000201       0x32 ./Drivers/STM32H7xx_HAL_Driver/Src/stm32h7xx_hal_rcc.o
 .ARM.attributes
                0x0000000000000233       0x32 ./Drivers/STM32H7xx_HAL_Driver/Src/stm32h7xx_hal_rcc_ex.o
 .ARM.attributes
                0x0000000000000265       0x32 ./Drivers/STM32H7xx_HAL_Driver/Src/stm32h7xx_hal_tim.o
 .ARM.attributes
                0x0000000000000297       0x32 ./Drivers/STM32H7xx_HAL_Driver/Src/stm32h7xx_hal_tim_ex.o
 .ARM.attributes
                0x00000000000002c9       0x32 ./Drivers/STM32H7xx_HAL_Driver/Src/stm32h7xx_hal_uart.o
 .ARM.attributes
                0x00000000000002fb       0x32 ./Drivers/STM32H7xx_HAL_Driver/Src/stm32h7xx_hal_uart_ex.o
 .ARM.attributes
                0x000000000000032d       0x32 d:/stm32cube_ide/stm32cubeide_1.8.0/stm32cubeide/plugins/com.st.stm32cube.ide.mcu.externaltools.gnu-tools-for-stm32.9-2020-q2-update.win32_2.0.0.202105311346/tools/bin/../lib/gcc/arm-none-eabi/9.3.1/../../../../arm-none-eabi/lib/thumb/v7e-m+dp/hard\libc_nano.a(lib_a-init.o)
 .ARM.attributes
                0x000000000000035f       0x32 d:/stm32cube_ide/stm32cubeide_1.8.0/stm32cubeide/plugins/com.st.stm32cube.ide.mcu.externaltools.gnu-tools-for-stm32.9-2020-q2-update.win32_2.0.0.202105311346/tools/bin/../lib/gcc/arm-none-eabi/9.3.1/../../../../arm-none-eabi/lib/thumb/v7e-m+dp/hard\libc_nano.a(lib_a-memset.o)
 .ARM.attributes
                0x0000000000000391       0x1e d:/stm32cube_ide/stm32cubeide_1.8.0/stm32cubeide/plugins/com.st.stm32cube.ide.mcu.externaltools.gnu-tools-for-stm32.9-2020-q2-update.win32_2.0.0.202105311346/tools/bin/../lib/gcc/arm-none-eabi/9.3.1/thumb/v7e-m+dp/hard\libgcc.a(_aeabi_uldivmod.o)
 .ARM.attributes
                0x00000000000003af       0x32 d:/stm32cube_ide/stm32cubeide_1.8.0/stm32cubeide/plugins/com.st.stm32cube.ide.mcu.externaltools.gnu-tools-for-stm32.9-2020-q2-update.win32_2.0.0.202105311346/tools/bin/../lib/gcc/arm-none-eabi/9.3.1/thumb/v7e-m+dp/hard\libgcc.a(_udivmoddi4.o)
 .ARM.attributes
                0x00000000000003e1       0x1e d:/stm32cube_ide/stm32cubeide_1.8.0/stm32cubeide/plugins/com.st.stm32cube.ide.mcu.externaltools.gnu-tools-for-stm32.9-2020-q2-update.win32_2.0.0.202105311346/tools/bin/../lib/gcc/arm-none-eabi/9.3.1/thumb/v7e-m+dp/hard\libgcc.a(_dvmd_tls.o)
 .ARM.attributes
                0x00000000000003ff       0x1e d:/stm32cube_ide/stm32cubeide_1.8.0/stm32cubeide/plugins/com.st.stm32cube.ide.mcu.externaltools.gnu-tools-for-stm32.9-2020-q2-update.win32_2.0.0.202105311346/tools/bin/../lib/gcc/arm-none-eabi/9.3.1/thumb/v7e-m+dp/hard/crtn.o
OUTPUT(erche.elf elf32-littlearm)
LOAD linker stubs
LOAD d:/stm32cube_ide/stm32cubeide_1.8.0/stm32cubeide/plugins/com.st.stm32cube.ide.mcu.externaltools.gnu-tools-for-stm32.9-2020-q2-update.win32_2.0.0.202105311346/tools/bin/../lib/gcc/arm-none-eabi/9.3.1/../../../../arm-none-eabi/lib/thumb/v7e-m+dp/hard\libc.a
LOAD d:/stm32cube_ide/stm32cubeide_1.8.0/stm32cubeide/plugins/com.st.stm32cube.ide.mcu.externaltools.gnu-tools-for-stm32.9-2020-q2-update.win32_2.0.0.202105311346/tools/bin/../lib/gcc/arm-none-eabi/9.3.1/../../../../arm-none-eabi/lib/thumb/v7e-m+dp/hard\libm.a
LOAD d:/stm32cube_ide/stm32cubeide_1.8.0/stm32cubeide/plugins/com.st.stm32cube.ide.mcu.externaltools.gnu-tools-for-stm32.9-2020-q2-update.win32_2.0.0.202105311346/tools/bin/../lib/gcc/arm-none-eabi/9.3.1/thumb/v7e-m+dp/hard\libgcc.a

.debug_info     0x0000000000000000    0x1d90c
 .debug_info    0x0000000000000000     0x2716 ./Core/Src/main.o
 .debug_info    0x0000000000002716     0x1fa4 ./Core/Src/stm32h7xx_hal_msp.o
 .debug_info    0x00000000000046ba      0xc21 ./Core/Src/stm32h7xx_it.o
 .debug_info    0x00000000000052db     0x1787 ./Core/Src/system_stm32h7xx.o
 .debug_info    0x0000000000006a62       0x22 ./Core/Startup/startup_stm32h743vitx.o
 .debug_info    0x0000000000006a84     0x1f9d ./Drivers/STM32H7xx_HAL_Driver/Src/stm32h7xx_hal.o
 .debug_info    0x0000000000008a21     0x1c13 ./Drivers/STM32H7xx_HAL_Driver/Src/stm32h7xx_hal_cortex.o
 .debug_info    0x000000000000a634     0x17e6 ./Drivers/STM32H7xx_HAL_Driver/Src/stm32h7xx_hal_gpio.o
 .debug_info    0x000000000000be1a     0x1b45 ./Drivers/STM32H7xx_HAL_Driver/Src/stm32h7xx_hal_pwr_ex.o
 .debug_info    0x000000000000d95f     0x1951 ./Drivers/STM32H7xx_HAL_Driver/Src/stm32h7xx_hal_rcc.o
 .debug_info    0x000000000000f2b0     0x1d00 ./Drivers/STM32H7xx_HAL_Driver/Src/stm32h7xx_hal_rcc_ex.o
 .debug_info    0x0000000000010fb0     0x37ca ./Drivers/STM32H7xx_HAL_Driver/Src/stm32h7xx_hal_tim.o
 .debug_info    0x000000000001477a     0x225f ./Drivers/STM32H7xx_HAL_Driver/Src/stm32h7xx_hal_tim_ex.o
 .debug_info    0x00000000000169d9     0x558a ./Drivers/STM32H7xx_HAL_Driver/Src/stm32h7xx_hal_uart.o
 .debug_info    0x000000000001bf63     0x19a9 ./Drivers/STM32H7xx_HAL_Driver/Src/stm32h7xx_hal_uart_ex.o

.debug_abbrev   0x0000000000000000     0x2a9e
 .debug_abbrev  0x0000000000000000      0x346 ./Core/Src/main.o
 .debug_abbrev  0x0000000000000346      0x2c3 ./Core/Src/stm32h7xx_hal_msp.o
 .debug_abbrev  0x0000000000000609      0x1ef ./Core/Src/stm32h7xx_it.o
 .debug_abbrev  0x00000000000007f8      0x262 ./Core/Src/system_stm32h7xx.o
 .debug_abbrev  0x0000000000000a5a       0x12 ./Core/Startup/startup_stm32h743vitx.o
 .debug_abbrev  0x0000000000000a6c      0x31b ./Drivers/STM32H7xx_HAL_Driver/Src/stm32h7xx_hal.o
 .debug_abbrev  0x0000000000000d87      0x409 ./Drivers/STM32H7xx_HAL_Driver/Src/stm32h7xx_hal_cortex.o
 .debug_abbrev  0x0000000000001190      0x2cb ./Drivers/STM32H7xx_HAL_Driver/Src/stm32h7xx_hal_gpio.o
 .debug_abbrev  0x000000000000145b      0x350 ./Drivers/STM32H7xx_HAL_Driver/Src/stm32h7xx_hal_pwr_ex.o
 .debug_abbrev  0x00000000000017ab      0x322 ./Drivers/STM32H7xx_HAL_Driver/Src/stm32h7xx_hal_rcc.o
 .debug_abbrev  0x0000000000001acd      0x31d ./Drivers/STM32H7xx_HAL_Driver/Src/stm32h7xx_hal_rcc_ex.o
 .debug_abbrev  0x0000000000001dea      0x2f9 ./Drivers/STM32H7xx_HAL_Driver/Src/stm32h7xx_hal_tim.o
 .debug_abbrev  0x00000000000020e3      0x301 ./Drivers/STM32H7xx_HAL_Driver/Src/stm32h7xx_hal_tim_ex.o
 .debug_abbrev  0x00000000000023e4      0x37d ./Drivers/STM32H7xx_HAL_Driver/Src/stm32h7xx_hal_uart.o
 .debug_abbrev  0x0000000000002761      0x33d ./Drivers/STM32H7xx_HAL_Driver/Src/stm32h7xx_hal_uart_ex.o

.debug_aranges  0x0000000000000000      0xfb0
 .debug_aranges
                0x0000000000000000       0x80 ./Core/Src/main.o
 .debug_aranges
                0x0000000000000080       0x48 ./Core/Src/stm32h7xx_hal_msp.o
 .debug_aranges
                0x00000000000000c8       0x60 ./Core/Src/stm32h7xx_it.o
 .debug_aranges
                0x0000000000000128       0x28 ./Core/Src/system_stm32h7xx.o
 .debug_aranges
                0x0000000000000150       0x28 ./Core/Startup/startup_stm32h743vitx.o
 .debug_aranges
                0x0000000000000178      0x198 ./Drivers/STM32H7xx_HAL_Driver/Src/stm32h7xx_hal.o
 .debug_aranges
                0x0000000000000310      0x120 ./Drivers/STM32H7xx_HAL_Driver/Src/stm32h7xx_hal_cortex.o
 .debug_aranges
                0x0000000000000430       0x58 ./Drivers/STM32H7xx_HAL_Driver/Src/stm32h7xx_hal_gpio.o
 .debug_aranges
                0x0000000000000488      0x158 ./Drivers/STM32H7xx_HAL_Driver/Src/stm32h7xx_hal_pwr_ex.o
 .debug_aranges
                0x00000000000005e0       0x88 ./Drivers/STM32H7xx_HAL_Driver/Src/stm32h7xx_hal_rcc.o
 .debug_aranges
                0x0000000000000668       0xf8 ./Drivers/STM32H7xx_HAL_Driver/Src/stm32h7xx_hal_rcc_ex.o
 .debug_aranges
                0x0000000000000760      0x3e0 ./Drivers/STM32H7xx_HAL_Driver/Src/stm32h7xx_hal_tim.o
 .debug_aranges
                0x0000000000000b40      0x188 ./Drivers/STM32H7xx_HAL_Driver/Src/stm32h7xx_hal_tim_ex.o
 .debug_aranges
                0x0000000000000cc8      0x248 ./Drivers/STM32H7xx_HAL_Driver/Src/stm32h7xx_hal_uart.o
 .debug_aranges
                0x0000000000000f10       0xa0 ./Drivers/STM32H7xx_HAL_Driver/Src/stm32h7xx_hal_uart_ex.o

.debug_ranges   0x0000000000000000      0xef8
 .debug_ranges  0x0000000000000000       0x70 ./Core/Src/main.o
 .debug_ranges  0x0000000000000070       0x38 ./Core/Src/stm32h7xx_hal_msp.o
 .debug_ranges  0x00000000000000a8       0x50 ./Core/Src/stm32h7xx_it.o
 .debug_ranges  0x00000000000000f8       0x18 ./Core/Src/system_stm32h7xx.o
 .debug_ranges  0x0000000000000110       0x20 ./Core/Startup/startup_stm32h743vitx.o
 .debug_ranges  0x0000000000000130      0x188 ./Drivers/STM32H7xx_HAL_Driver/Src/stm32h7xx_hal.o
 .debug_ranges  0x00000000000002b8      0x110 ./Drivers/STM32H7xx_HAL_Driver/Src/stm32h7xx_hal_cortex.o
 .debug_ranges  0x00000000000003c8       0x48 ./Drivers/STM32H7xx_HAL_Driver/Src/stm32h7xx_hal_gpio.o
 .debug_ranges  0x0000000000000410      0x148 ./Drivers/STM32H7xx_HAL_Driver/Src/stm32h7xx_hal_pwr_ex.o
 .debug_ranges  0x0000000000000558       0x78 ./Drivers/STM32H7xx_HAL_Driver/Src/stm32h7xx_hal_rcc.o
 .debug_ranges  0x00000000000005d0       0xe8 ./Drivers/STM32H7xx_HAL_Driver/Src/stm32h7xx_hal_rcc_ex.o
 .debug_ranges  0x00000000000006b8      0x3d0 ./Drivers/STM32H7xx_HAL_Driver/Src/stm32h7xx_hal_tim.o
 .debug_ranges  0x0000000000000a88      0x178 ./Drivers/STM32H7xx_HAL_Driver/Src/stm32h7xx_hal_tim_ex.o
 .debug_ranges  0x0000000000000c00      0x268 ./Drivers/STM32H7xx_HAL_Driver/Src/stm32h7xx_hal_uart.o
 .debug_ranges  0x0000000000000e68       0x90 ./Drivers/STM32H7xx_HAL_Driver/Src/stm32h7xx_hal_uart_ex.o

.debug_macro    0x0000000000000000    0x365d3
 .debug_macro   0x0000000000000000      0x2b1 ./Core/Src/main.o
 .debug_macro   0x00000000000002b1      0xac0 ./Core/Src/main.o
 .debug_macro   0x0000000000000d71      0x238 ./Core/Src/main.o
 .debug_macro   0x0000000000000fa9       0x2e ./Core/Src/main.o
 .debug_macro   0x0000000000000fd7       0x3b ./Core/Src/main.o
 .debug_macro   0x0000000000001012       0x22 ./Core/Src/main.o
 .debug_macro   0x0000000000001034       0x8e ./Core/Src/main.o
 .debug_macro   0x00000000000010c2       0x51 ./Core/Src/main.o
 .debug_macro   0x0000000000001113      0x103 ./Core/Src/main.o
 .debug_macro   0x0000000000001216       0x6a ./Core/Src/main.o
 .debug_macro   0x0000000000001280      0x1df ./Core/Src/main.o
 .debug_macro   0x000000000000145f       0x1c ./Core/Src/main.o
 .debug_macro   0x000000000000147b       0x22 ./Core/Src/main.o
 .debug_macro   0x000000000000149d      0x101 ./Core/Src/main.o
 .debug_macro   0x000000000000159e     0x1305 ./Core/Src/main.o
 .debug_macro   0x00000000000028a3      0x11f ./Core/Src/main.o
 .debug_macro   0x00000000000029c2       0x27 ./Core/Src/main.o
 .debug_macro   0x00000000000029e9    0x25862 ./Core/Src/main.o
 .debug_macro   0x000000000002824b       0x6d ./Core/Src/main.o
 .debug_macro   0x00000000000282b8     0x3d1e ./Core/Src/main.o
 .debug_macro   0x000000000002bfd6      0x174 ./Core/Src/main.o
 .debug_macro   0x000000000002c14a       0x52 ./Core/Src/main.o
 .debug_macro   0x000000000002c19c       0x17 ./Core/Src/main.o
 .debug_macro   0x000000000002c1b3       0x3c ./Core/Src/main.o
 .debug_macro   0x000000000002c1ef       0x34 ./Core/Src/main.o
 .debug_macro   0x000000000002c223       0x16 ./Core/Src/main.o
 .debug_macro   0x000000000002c239       0x43 ./Core/Src/main.o
 .debug_macro   0x000000000002c27c       0x34 ./Core/Src/main.o
 .debug_macro   0x000000000002c2b0       0x10 ./Core/Src/main.o
 .debug_macro   0x000000000002c2c0       0x58 ./Core/Src/main.o
 .debug_macro   0x000000000002c318       0x71 ./Core/Src/main.o
 .debug_macro   0x000000000002c389       0x1c ./Core/Src/main.o
 .debug_macro   0x000000000002c3a5      0x12a ./Core/Src/main.o
 .debug_macro   0x000000000002c4cf      0x333 ./Core/Src/main.o
 .debug_macro   0x000000000002c802      0x1a9 ./Core/Src/main.o
 .debug_macro   0x000000000002c9ab       0x5d ./Core/Src/main.o
 .debug_macro   0x000000000002ca08     0x2382 ./Core/Src/main.o
 .debug_macro   0x000000000002ed8a     0x1002 ./Core/Src/main.o
 .debug_macro   0x000000000002fd8c      0x14d ./Core/Src/main.o
 .debug_macro   0x000000000002fed9      0x114 ./Core/Src/main.o
 .debug_macro   0x000000000002ffed      0x3b2 ./Core/Src/main.o
 .debug_macro   0x000000000003039f       0xac ./Core/Src/main.o
 .debug_macro   0x000000000003044b      0x72d ./Core/Src/main.o
 .debug_macro   0x0000000000030b78      0x228 ./Core/Src/main.o
 .debug_macro   0x0000000000030da0       0x66 ./Core/Src/main.o
 .debug_macro   0x0000000000030e06      0x3bb ./Core/Src/main.o
 .debug_macro   0x00000000000311c1      0x3e4 ./Core/Src/main.o
 .debug_macro   0x00000000000315a5      0x275 ./Core/Src/main.o
 .debug_macro   0x000000000003181a      0x3ca ./Core/Src/main.o
 .debug_macro   0x0000000000031be4      0x408 ./Core/Src/main.o
 .debug_macro   0x0000000000031fec       0x51 ./Core/Src/main.o
 .debug_macro   0x000000000003203d       0x4a ./Core/Src/main.o
 .debug_macro   0x0000000000032087      0x22c ./Core/Src/main.o
 .debug_macro   0x00000000000322b3       0x67 ./Core/Src/main.o
 .debug_macro   0x000000000003231a       0xa5 ./Core/Src/main.o
 .debug_macro   0x00000000000323bf      0x1c4 ./Core/Src/main.o
 .debug_macro   0x0000000000032583      0x25e ./Core/Src/main.o
 .debug_macro   0x00000000000327e1       0x35 ./Core/Src/main.o
 .debug_macro   0x0000000000032816      0xad7 ./Core/Src/main.o
 .debug_macro   0x00000000000332ed      0x29f ./Core/Src/main.o
 .debug_macro   0x000000000003358c      0x67e ./Core/Src/main.o
 .debug_macro   0x0000000000033c0a       0xa6 ./Core/Src/main.o
 .debug_macro   0x0000000000033cb0      0x5a0 ./Core/Src/main.o
 .debug_macro   0x0000000000034250      0x2b1 ./Core/Src/stm32h7xx_hal_msp.o
 .debug_macro   0x0000000000034501      0x2bb ./Core/Src/stm32h7xx_it.o
 .debug_macro   0x00000000000347bc      0x2ad ./Core/Src/system_stm32h7xx.o
 .debug_macro   0x0000000000034a69      0x2d1 ./Drivers/STM32H7xx_HAL_Driver/Src/stm32h7xx_hal.o
 .debug_macro   0x0000000000034d3a      0x2a7 ./Drivers/STM32H7xx_HAL_Driver/Src/stm32h7xx_hal_cortex.o
 .debug_macro   0x0000000000034fe1      0x2ae ./Drivers/STM32H7xx_HAL_Driver/Src/stm32h7xx_hal_gpio.o
 .debug_macro   0x000000000003528f      0x2e0 ./Drivers/STM32H7xx_HAL_Driver/Src/stm32h7xx_hal_pwr_ex.o
 .debug_macro   0x000000000003556f      0x2cb ./Drivers/STM32H7xx_HAL_Driver/Src/stm32h7xx_hal_rcc.o
 .debug_macro   0x000000000003583a      0x2c5 ./Drivers/STM32H7xx_HAL_Driver/Src/stm32h7xx_hal_rcc_ex.o
 .debug_macro   0x0000000000035aff      0x2a8 ./Drivers/STM32H7xx_HAL_Driver/Src/stm32h7xx_hal_tim.o
 .debug_macro   0x0000000000035da7      0x2a7 ./Drivers/STM32H7xx_HAL_Driver/Src/stm32h7xx_hal_tim_ex.o
 .debug_macro   0x000000000003604e      0x2d2 ./Drivers/STM32H7xx_HAL_Driver/Src/stm32h7xx_hal_uart.o
 .debug_macro   0x0000000000036320      0x2b3 ./Drivers/STM32H7xx_HAL_Driver/Src/stm32h7xx_hal_uart_ex.o

.debug_line     0x0000000000000000    0x141fc
 .debug_line    0x0000000000000000     0x116e ./Core/Src/main.o
 .debug_line    0x000000000000116e      0xa1c ./Core/Src/stm32h7xx_hal_msp.o
 .debug_line    0x0000000000001b8a      0x953 ./Core/Src/stm32h7xx_it.o
 .debug_line    0x00000000000024dd      0xa35 ./Core/Src/system_stm32h7xx.o
 .debug_line    0x0000000000002f12       0x87 ./Core/Startup/startup_stm32h743vitx.o
 .debug_line    0x0000000000002f99      0xe3e ./Drivers/STM32H7xx_HAL_Driver/Src/stm32h7xx_hal.o
 .debug_line    0x0000000000003dd7      0xe44 ./Drivers/STM32H7xx_HAL_Driver/Src/stm32h7xx_hal_cortex.o
 .debug_line    0x0000000000004c1b      0xd01 ./Drivers/STM32H7xx_HAL_Driver/Src/stm32h7xx_hal_gpio.o
 .debug_line    0x000000000000591c      0xf58 ./Drivers/STM32H7xx_HAL_Driver/Src/stm32h7xx_hal_pwr_ex.o
 .debug_line    0x0000000000006874     0x13a9 ./Drivers/STM32H7xx_HAL_Driver/Src/stm32h7xx_hal_rcc.o
 .debug_line    0x0000000000007c1d     0x1b57 ./Drivers/STM32H7xx_HAL_Driver/Src/stm32h7xx_hal_rcc_ex.o
 .debug_line    0x0000000000009774     0x3efc ./Drivers/STM32H7xx_HAL_Driver/Src/stm32h7xx_hal_tim.o
 .debug_line    0x000000000000d670     0x1dd9 ./Drivers/STM32H7xx_HAL_Driver/Src/stm32h7xx_hal_tim_ex.o
 .debug_line    0x000000000000f449     0x3e97 ./Drivers/STM32H7xx_HAL_Driver/Src/stm32h7xx_hal_uart.o
 .debug_line    0x00000000000132e0      0xf1c ./Drivers/STM32H7xx_HAL_Driver/Src/stm32h7xx_hal_uart_ex.o

.debug_str      0x0000000000000000   0x1618e6
 .debug_str     0x0000000000000000   0x15ce4f ./Core/Src/main.o
                                     0x15d460 (size before relaxing)
 .debug_str     0x000000000015ce4f      0x3a0 ./Core/Src/stm32h7xx_hal_msp.o
                                     0x15d30f (size before relaxing)
 .debug_str     0x000000000015d1ef       0xbd ./Core/Src/stm32h7xx_it.o
                                     0x15c4ea (size before relaxing)
 .debug_str     0x000000000015d2ac      0x332 ./Core/Src/system_stm32h7xx.o
                                     0x15c992 (size before relaxing)
 .debug_str     0x000000000015d5de       0x36 ./Core/Startup/startup_stm32h743vitx.o
                                         0x49 (size before relaxing)
 .debug_str     0x000000000015d614      0xf09 ./Drivers/STM32H7xx_HAL_Driver/Src/stm32h7xx_hal.o
                                     0x15d7a3 (size before relaxing)
 .debug_str     0x000000000015e51d      0x39f ./Drivers/STM32H7xx_HAL_Driver/Src/stm32h7xx_hal_cortex.o
                                     0x15d2ab (size before relaxing)
 .debug_str     0x000000000015e8bc      0x146 ./Drivers/STM32H7xx_HAL_Driver/Src/stm32h7xx_hal_gpio.o
                                     0x15c959 (size before relaxing)
 .debug_str     0x000000000015ea02      0x63e ./Drivers/STM32H7xx_HAL_Driver/Src/stm32h7xx_hal_pwr_ex.o
                                     0x15cdfc (size before relaxing)
 .debug_str     0x000000000015f040      0x26c ./Drivers/STM32H7xx_HAL_Driver/Src/stm32h7xx_hal_rcc.o
                                     0x15ccbd (size before relaxing)
 .debug_str     0x000000000015f2ac      0x665 ./Drivers/STM32H7xx_HAL_Driver/Src/stm32h7xx_hal_rcc_ex.o
                                     0x15d183 (size before relaxing)
 .debug_str     0x000000000015f911      0xdad ./Drivers/STM32H7xx_HAL_Driver/Src/stm32h7xx_hal_tim.o
                                     0x15d9f3 (size before relaxing)
 .debug_str     0x00000000001606be      0x548 ./Drivers/STM32H7xx_HAL_Driver/Src/stm32h7xx_hal_tim_ex.o
                                     0x15d2d9 (size before relaxing)
 .debug_str     0x0000000000160c06      0xa00 ./Drivers/STM32H7xx_HAL_Driver/Src/stm32h7xx_hal_uart.o
                                     0x15d6d9 (size before relaxing)
 .debug_str     0x0000000000161606      0x2e0 ./Drivers/STM32H7xx_HAL_Driver/Src/stm32h7xx_hal_uart_ex.o
                                     0x15cd01 (size before relaxing)

.comment        0x0000000000000000       0x53
 .comment       0x0000000000000000       0x53 ./Core/Src/main.o
                                         0x54 (size before relaxing)
 .comment       0x0000000000000053       0x54 ./Core/Src/stm32h7xx_hal_msp.o
 .comment       0x0000000000000053       0x54 ./Core/Src/stm32h7xx_it.o
 .comment       0x0000000000000053       0x54 ./Core/Src/system_stm32h7xx.o
 .comment       0x0000000000000053       0x54 ./Drivers/STM32H7xx_HAL_Driver/Src/stm32h7xx_hal.o
 .comment       0x0000000000000053       0x54 ./Drivers/STM32H7xx_HAL_Driver/Src/stm32h7xx_hal_cortex.o
 .comment       0x0000000000000053       0x54 ./Drivers/STM32H7xx_HAL_Driver/Src/stm32h7xx_hal_gpio.o
 .comment       0x0000000000000053       0x54 ./Drivers/STM32H7xx_HAL_Driver/Src/stm32h7xx_hal_pwr_ex.o
 .comment       0x0000000000000053       0x54 ./Drivers/STM32H7xx_HAL_Driver/Src/stm32h7xx_hal_rcc.o
 .comment       0x0000000000000053       0x54 ./Drivers/STM32H7xx_HAL_Driver/Src/stm32h7xx_hal_rcc_ex.o
 .comment       0x0000000000000053       0x54 ./Drivers/STM32H7xx_HAL_Driver/Src/stm32h7xx_hal_tim.o
 .comment       0x0000000000000053       0x54 ./Drivers/STM32H7xx_HAL_Driver/Src/stm32h7xx_hal_tim_ex.o
 .comment       0x0000000000000053       0x54 ./Drivers/STM32H7xx_HAL_Driver/Src/stm32h7xx_hal_uart.o
 .comment       0x0000000000000053       0x54 ./Drivers/STM32H7xx_HAL_Driver/Src/stm32h7xx_hal_uart_ex.o

.debug_frame    0x0000000000000000     0x42c8
 .debug_frame   0x0000000000000000      0x1ac ./Core/Src/main.o
 .debug_frame   0x00000000000001ac       0xf8 ./Core/Src/stm32h7xx_hal_msp.o
 .debug_frame   0x00000000000002a4      0x104 ./Core/Src/stm32h7xx_it.o
 .debug_frame   0x00000000000003a8       0x58 ./Core/Src/system_stm32h7xx.o
 .debug_frame   0x0000000000000400      0x690 ./Drivers/STM32H7xx_HAL_Driver/Src/stm32h7xx_hal.o
 .debug_frame   0x0000000000000a90      0x4b8 ./Drivers/STM32H7xx_HAL_Driver/Src/stm32h7xx_hal_cortex.o
 .debug_frame   0x0000000000000f48      0x14c ./Drivers/STM32H7xx_HAL_Driver/Src/stm32h7xx_hal_gpio.o
 .debug_frame   0x0000000000001094      0x580 ./Drivers/STM32H7xx_HAL_Driver/Src/stm32h7xx_hal_pwr_ex.o
 .debug_frame   0x0000000000001614      0x1f8 ./Drivers/STM32H7xx_HAL_Driver/Src/stm32h7xx_hal_rcc.o
 .debug_frame   0x000000000000180c      0x3f4 ./Drivers/STM32H7xx_HAL_Driver/Src/stm32h7xx_hal_rcc_ex.o
 .debug_frame   0x0000000000001c00     0x121c ./Drivers/STM32H7xx_HAL_Driver/Src/stm32h7xx_hal_tim.o
 .debug_frame   0x0000000000002e1c      0x6d8 ./Drivers/STM32H7xx_HAL_Driver/Src/stm32h7xx_hal_tim_ex.o
 .debug_frame   0x00000000000034f4      0xa8c ./Drivers/STM32H7xx_HAL_Driver/Src/stm32h7xx_hal_uart.o
 .debug_frame   0x0000000000003f80      0x29c ./Drivers/STM32H7xx_HAL_Driver/Src/stm32h7xx_hal_uart_ex.o
 .debug_frame   0x000000000000421c       0x2c d:/stm32cube_ide/stm32cubeide_1.8.0/stm32cubeide/plugins/com.st.stm32cube.ide.mcu.externaltools.gnu-tools-for-stm32.9-2020-q2-update.win32_2.0.0.202105311346/tools/bin/../lib/gcc/arm-none-eabi/9.3.1/../../../../arm-none-eabi/lib/thumb/v7e-m+dp/hard\libc_nano.a(lib_a-init.o)
 .debug_frame   0x0000000000004248       0x20 d:/stm32cube_ide/stm32cubeide_1.8.0/stm32cubeide/plugins/com.st.stm32cube.ide.mcu.externaltools.gnu-tools-for-stm32.9-2020-q2-update.win32_2.0.0.202105311346/tools/bin/../lib/gcc/arm-none-eabi/9.3.1/../../../../arm-none-eabi/lib/thumb/v7e-m+dp/hard\libc_nano.a(lib_a-memset.o)
 .debug_frame   0x0000000000004268       0x2c d:/stm32cube_ide/stm32cubeide_1.8.0/stm32cubeide/plugins/com.st.stm32cube.ide.mcu.externaltools.gnu-tools-for-stm32.9-2020-q2-update.win32_2.0.0.202105311346/tools/bin/../lib/gcc/arm-none-eabi/9.3.1/thumb/v7e-m+dp/hard\libgcc.a(_aeabi_uldivmod.o)
 .debug_frame   0x0000000000004294       0x34 d:/stm32cube_ide/stm32cubeide_1.8.0/stm32cubeide/plugins/com.st.stm32cube.ide.mcu.externaltools.gnu-tools-for-stm32.9-2020-q2-update.win32_2.0.0.202105311346/tools/bin/../lib/gcc/arm-none-eabi/9.3.1/thumb/v7e-m+dp/hard\libgcc.a(_udivmoddi4.o)
